warning: commonware-macros-impl@2026.7.0: stability cfg not set; set RUSTFLAGS="--cfg commonware_stability_X" (ALPHA/BETA/GAMMA/DELTA/EPSILON) to enforce stability gating
warning: unused import: `commonware_math::algebra::Additive`
  --> src/balance.rs:13:5
   |
13 | use commonware_math::algebra::Additive;
   |     ^^^^^^^^^^^^^^^^^^^^^^^^^^^^^^^^^^
   |
   = note: `#[warn(unused_imports)]` (part of `#[warn(unused)]`) on by default

warning: unused import: `Ring`
  --> src/encryption.rs:12:42
   |
12 | use commonware_math::algebra::{Additive, Ring};
   |                                          ^^^^

warning: unused import: `Ring`
  --> src/recovery.rs:12:42
   |
12 | use commonware_math::algebra::{Additive, Ring};
   |                                          ^^^^

warning: `shieldd-native-comparator34-experiment` (lib) generated 3 warnings (run `cargo fix --lib -p shieldd-native-comparator34-experiment` to apply 3 suggestions)
   Compiling shieldd-native-comparator34-experiment v0.1.0 (/Users/antoinecyr/Documents/Source/shieldd/tools/proving-experiment/candidates/native-comparator34)
    Finished `release` profile [optimized] target(s) in 2.40s
     Running `tools/proving-experiment/native/target/release/examples/transfer_gate tools/proving-experiment/cache/c-comparator34-full-gate`
native Transfer: setup 191516 square rows, 191501 variables, domain 196608
transfer: full native proof and rejection checks passed
transfer_unregulated: full native proof and rejection checks passed
transfer_flagged: full native proof and rejection checks passed
transfer_accumulating: full native proof and rejection checks passed
transfer_over_limit_disclosure: full native proof and rejection checks passed
transfer_accumulator_continuation: full native proof and rejection checks passed
native Transfer gate complete; kernel diagnostics are not full API measurements
