warning: commonware-macros-impl@2026.7.0: stability cfg not set; set RUSTFLAGS="--cfg commonware_stability_X" (ALPHA/BETA/GAMMA/DELTA/EPSILON) to enforce stability gating
warning: unused import: `commonware_math::algebra::Additive`
  --> /Users/antoinecyr/Documents/Source/shieldd/tools/proving-experiment/candidates/native-subset/src/balance.rs:13:5
   |
13 | use commonware_math::algebra::Additive;
   |     ^^^^^^^^^^^^^^^^^^^^^^^^^^^^^^^^^^
   |
   = note: `#[warn(unused_imports)]` (part of `#[warn(unused)]`) on by default

warning: unused import: `Ring`
  --> /Users/antoinecyr/Documents/Source/shieldd/tools/proving-experiment/candidates/native-subset/src/encryption.rs:12:42
   |
12 | use commonware_math::algebra::{Additive, Ring};
   |                                          ^^^^

warning: unused import: `Ring`
  --> /Users/antoinecyr/Documents/Source/shieldd/tools/proving-experiment/candidates/native-subset/src/recovery.rs:12:42
   |
12 | use commonware_math::algebra::{Additive, Ring};
   |                                          ^^^^

warning: `shieldd-native-subset-experiment` (lib) generated 3 warnings (run `cargo fix --lib -p shieldd-native-subset-experiment` to apply 3 suggestions)
   Compiling shieldd-native-reuse-screen v0.1.0 (/Users/antoinecyr/Documents/Source/shieldd/tools/proving-experiment/candidates/reuse-screen)
    Finished `release` profile [optimized] target(s) in 0.43s
     Running unittests src/lib.rs (tools/proving-experiment/native/target/release/deps/shieldd_native_reuse_screen-ace0abd69b509f7c)

running 1 test
test tests::native_zero_and_one_are_distinct_despite_redacted_debug ... FAILED

failures:

---- tests::native_zero_and_one_are_distinct_despite_redacted_debug stdout ----

thread 'tests::native_zero_and_one_are_distinct_despite_redacted_debug' (17946224) panicked at src/lib.rs:26:9:
assertion `left == right` failed
  left: Some(0)
 right: None
note: run with `RUST_BACKTRACE=1` environment variable to display a backtrace


failures:
    tests::native_zero_and_one_are_distinct_despite_redacted_debug

test result: FAILED. 0 passed; 1 failed; 0 ignored; 0 measured; 2 filtered out; finished in 0.00s

error: test failed, to rerun pass `--lib`
