   Compiling commonware-macros-impl v2026.7.0 (/Users/antoinecyr/Documents/Source/shieldd/tools/proving-experiment/cache/commonware-parallel-ntt/macros/impl)
   Compiling commonware-codec-macros v2026.7.0 (/Users/antoinecyr/Documents/Source/shieldd/tools/proving-experiment/cache/commonware-parallel-ntt/codec/macros)
warning: commonware-macros-impl@2026.7.0: stability cfg not set; set RUSTFLAGS="--cfg commonware_stability_X" (ALPHA/BETA/GAMMA/DELTA/EPSILON) to enforce stability gating
   Compiling commonware-macros v2026.7.0 (/Users/antoinecyr/Documents/Source/shieldd/tools/proving-experiment/cache/commonware-parallel-ntt/macros)
   Compiling commonware-codec v2026.7.0 (/Users/antoinecyr/Documents/Source/shieldd/tools/proving-experiment/cache/commonware-parallel-ntt/codec)
   Compiling commonware-formatting v2026.7.0 (/Users/antoinecyr/Documents/Source/shieldd/tools/proving-experiment/cache/commonware-parallel-ntt/formatting)
   Compiling commonware-parallel v2026.7.0 (/Users/antoinecyr/Documents/Source/shieldd/tools/proving-experiment/cache/commonware-parallel-ntt/parallel)
   Compiling commonware-utils v2026.7.0 (/Users/antoinecyr/Documents/Source/shieldd/tools/proving-experiment/cache/commonware-parallel-ntt/utils)
   Compiling commonware-math v2026.7.0 (/Users/antoinecyr/Documents/Source/shieldd/tools/proving-experiment/cache/commonware-parallel-ntt/math)
   Compiling commonware-cryptography v2026.7.0 (/Users/antoinecyr/Documents/Source/shieldd/tools/proving-experiment/cache/commonware-parallel-ntt/cryptography)
   Compiling shieldd-native-parallel-ntt-experiment v0.1.0 (/Users/antoinecyr/Documents/Source/shieldd/tools/proving-experiment/candidates/native-parallel-ntt)
warning: unused import: `commonware_math::algebra::Additive`
  --> src/balance.rs:13:5
   |
13 | use commonware_math::algebra::Additive;
   |     ^^^^^^^^^^^^^^^^^^^^^^^^^^^^^^^^^^
   |
   = note: `#[warn(unused_imports)]` (part of `#[warn(unused)]`) on by default

warning: unused import: `Ring`
  --> src/encryption.rs:12:42
   |
12 | use commonware_math::algebra::{Additive, Ring};
   |                                          ^^^^

warning: unused import: `Ring`
  --> src/recovery.rs:12:42
   |
12 | use commonware_math::algebra::{Additive, Ring};
   |                                          ^^^^

warning: `shieldd-native-parallel-ntt-experiment` (lib) generated 3 warnings (run `cargo fix --lib -p shieldd-native-parallel-ntt-experiment` to apply 3 suggestions)
    Finished `release` profile [optimized] target(s) in 13.44s
