warning: commonware-macros-impl@2026.7.0: stability cfg not set; set RUSTFLAGS="--cfg commonware_stability_X" (ALPHA/BETA/GAMMA/DELTA/EPSILON) to enforce stability gating
warning: unused import: `commonware_math::algebra::Additive`
  --> /Users/antoinecyr/Documents/Source/shieldd/tools/proving-experiment/candidates/native-subset/src/balance.rs:13:5
   |
13 | use commonware_math::algebra::Additive;
   |     ^^^^^^^^^^^^^^^^^^^^^^^^^^^^^^^^^^
   |
   = note: `#[warn(unused_imports)]` (part of `#[warn(unused)]`) on by default

warning: unused import: `Ring`
  --> /Users/antoinecyr/Documents/Source/shieldd/tools/proving-experiment/candidates/native-subset/src/encryption.rs:12:42
   |
12 | use commonware_math::algebra::{Additive, Ring};
   |                                          ^^^^

warning: unused import: `Ring`
  --> /Users/antoinecyr/Documents/Source/shieldd/tools/proving-experiment/candidates/native-subset/src/recovery.rs:12:42
   |
12 | use commonware_math::algebra::{Additive, Ring};
   |                                          ^^^^

warning: `shieldd-native-subset-experiment` (lib) generated 3 warnings (run `cargo fix --lib -p shieldd-native-subset-experiment` to apply 3 suggestions)
   Compiling shieldd-hinted-jubjub-screen v0.1.0 (/Users/antoinecyr/Documents/Source/shieldd/tools/proving-experiment/candidates/hinted-jubjub)
    Finished `release` profile [optimized] target(s) in 0.29s
     Running `tools/proving-experiment/native/target/release/shieldd-hinted-jubjub-screen`
{
  "schema": "shieldd.hinted_jubjub_screen.v1",
  "hint_ns": 439792,
  "costs": [
    {
      "hinted": false,
      "original_valid": true,
      "converted_valid": true,
      "gadget_rows": 5537,
      "total_rows": 7100,
      "columns": 7101,
      "domain": 7168,
      "construction_ns": 2345000,
      "compile_ns": 22256458,
      "assignment_ns": 19969084
    },
    {
      "hinted": true,
      "original_valid": true,
      "converted_valid": true,
      "gadget_rows": 5304,
      "total_rows": 6867,
      "columns": 6861,
      "domain": 7168,
      "construction_ns": 1246917,
      "compile_ns": 19577459,
      "assignment_ns": 19372875
    }
  ],
  "limits": "Complete gadget counts with shared canonical scalar/input-subgroup boundary and equal output binding. Single observations of construction/compile/assignment; host hint generation separate. No full Transfer integration, setup or proving measurement."
}
