$ git apply --check /tmp/shieldd-experiments/arithmetic/variants/tree.patch
EXIT=0
$ git apply /tmp/shieldd-experiments/arithmetic/variants/tree.patch
EXIT=0
$ cargo run -p shieldd-sdk-circuits --example catalogue_shapes --profile ci --
warning: commonware-macros-impl@2026.7.0: stability cfg not set; set RUSTFLAGS="--cfg commonware_stability_X" (ALPHA/BETA/GAMMA/DELTA/EPSILON) to enforce stability gating
   Compiling shieldd-sdk-circuits v2.1.0 (/Users/antoinecyr/Documents/Source/shieldd/crates/crypto/circuits)
    Finished `ci` profile [optimized] target(s) in 3.57s
warning: the following packages contain code that will be rejected by a future version of Rust: document-features v0.2.8
note: to see what the problems were, use the option `--future-incompat-report`, or run `cargo report future-incompatibilities --id 1`
     Running `target/ci/examples/catalogue_shapes`
EXPERIMENT_METRICS rows=211214 columns=211166 squared_nnz=2216785 linear_nnz=267634 domain=262144
transfer domain=262144 public=1 blocks=[1] relation=429e622a6d2d8a86dcddadd63d237c4e36486a897385561f2fc219e9b6535339
EXPERIMENT_METRICS rows=156601 columns=156539 squared_nnz=1586027 linear_nnz=198099 domain=262144
reshape1x8 domain=262144 public=1 blocks=[1] relation=8ced376fe1af478b85bb65c18f9e976dfe4274af50cf31d93f37e70b2c27ff6d
EXPERIMENT_METRICS rows=184133 columns=184516 squared_nnz=2703132 linear_nnz=234064 domain=262144
reshape8x1 domain=262144 public=1 blocks=[1] relation=11f111c9fbb540feff7beb0352b15cf3b28c80a53bb36db53d4bea9c18243ddd
EXPERIMENT_METRICS rows=118258 columns=118311 squared_nnz=1556964 linear_nnz=150353 domain=131072
withdrawal domain=131072 public=1 blocks=[1] relation=4dda935d698aeb52956bc031610984e1021d62444bd347bf9090cab0854f7956
EXPERIMENT_METRICS rows=16412 columns=16494 squared_nnz=311621 linear_nnz=20557 domain=32768
seizure domain=32768 public=1 blocks=[1] relation=f26d8a185cf36939f10002f0b0d705eb4aa7e0b3b7bcb53a040f8a774394b2dd
EXPERIMENT_METRICS rows=159226 columns=158090 squared_nnz=1714147 linear_nnz=210236 domain=262144
disclosure domain=262144 public=1 blocks=[1] relation=b0e23009857e9c1d42f1778204336bba83163a96132d4f832978fd08811c9cf6
EXPERIMENT_METRICS rows=14963 columns=15006 squared_nnz=216174 linear_nnz=19424 domain=16384
history_generation domain=16384 public=1 blocks=[1] relation=8c9cceacecc74be80c518dfb774ee773e04c58cb24a162bb0a2f21a7f4c8e9f0
EXPERIMENT_METRICS rows=141757 columns=142140 squared_nnz=2004462 linear_nnz=184374 domain=262144
history_chunk10 domain=262144 public=1 blocks=[1] relation=8dcf180c6bebf77a48522889e043a8693fda490c16bd09d360478d07e39bd2e4
EXIT=0
