$ git apply --check /tmp/shieldd-experiments/arithmetic/variants/range_limbs_eq.patch
EXIT=0
$ git apply /tmp/shieldd-experiments/arithmetic/variants/range_limbs_eq.patch
EXIT=0
$ git apply --check /tmp/shieldd-experiments/arithmetic/variants/routing.patch
EXIT=0
$ git apply /tmp/shieldd-experiments/arithmetic/variants/routing.patch
EXIT=0
$ git apply --check /tmp/shieldd-experiments/arithmetic/variants/authorization.patch
EXIT=0
$ git apply /tmp/shieldd-experiments/arithmetic/variants/authorization.patch
EXIT=0
$ git apply --check /tmp/shieldd-experiments/arithmetic/variants/tree_position.patch
EXIT=0
$ git apply /tmp/shieldd-experiments/arithmetic/variants/tree_position.patch
EXIT=0
$ git apply --check /tmp/shieldd-experiments/arithmetic/variants/note_position_bounded.patch
EXIT=0
$ git apply /tmp/shieldd-experiments/arithmetic/variants/note_position_bounded.patch
EXIT=0
$ git apply --check /tmp/shieldd-experiments/arithmetic/variants/seizure_position_bounded.patch
EXIT=0
$ git apply /tmp/shieldd-experiments/arithmetic/variants/seizure_position_bounded.patch
EXIT=0
$ git apply --check /tmp/shieldd-experiments/arithmetic/variants/volume_bounded.patch
EXIT=0
$ git apply /tmp/shieldd-experiments/arithmetic/variants/volume_bounded.patch
EXIT=0
$ git apply --check /tmp/shieldd-experiments/arithmetic/variants/balance.patch
EXIT=0
$ git apply /tmp/shieldd-experiments/arithmetic/variants/balance.patch
EXIT=0
$ git apply --check /tmp/shieldd-experiments/arithmetic/variants/disclosure_combined_capacity1.patch
EXIT=0
$ git apply /tmp/shieldd-experiments/arithmetic/variants/disclosure_combined_capacity1.patch
EXIT=0
$ git apply --check /tmp/shieldd-experiments/arithmetic/variants/registry_limbs.patch
EXIT=0
$ git apply /tmp/shieldd-experiments/arithmetic/variants/registry_limbs.patch
EXIT=0
$ git apply --check /tmp/shieldd-experiments/arithmetic/variants/history_combined.patch
EXIT=0
$ git apply /tmp/shieldd-experiments/arithmetic/variants/history_combined.patch
EXIT=0
$ cargo run -p shieldd-sdk-circuits --example capacity_semantics --profile ci
warning: commonware-macros-impl@2026.7.0: stability cfg not set; set RUSTFLAGS="--cfg commonware_stability_X" (ALPHA/BETA/GAMMA/DELTA/EPSILON) to enforce stability gating
   Compiling shieldd-sdk-circuits v2.1.0 (/Users/antoinecyr/Documents/Source/shieldd/crates/crypto/circuits)
warning: variable does not need to be mutable
  --> crates/crypto/circuits/src/tree.rs:68:5
   |
68 |     mut node: Var<'ctx, Scalar>,
   |     ----^^^^
   |     |
   |     help: remove this `mut`
   |
   = note: `#[warn(unused_mut)]` (part of `#[warn(unused)]`) on by default

warning: `shieldd-sdk-circuits` (lib) generated 1 warning (run `cargo fix --lib -p shieldd-sdk-circuits` to apply 1 suggestion)
    Finished `ci` profile [optimized] target(s) in 3.67s
warning: the following packages contain code that will be rejected by a future version of Rust: document-features v0.2.8
note: to see what the problems were, use the option `--future-incompat-report`, or run `cargo report future-incompatibilities --id 1`
     Running `target/ci/examples/capacity_semantics`
capacity-one valid and three malformed witnesses checked
EXIT=0
$ cargo run -p shieldd-sdk-circuits --example catalogue_shapes --profile ci --
warning: commonware-macros-impl@2026.7.0: stability cfg not set; set RUSTFLAGS="--cfg commonware_stability_X" (ALPHA/BETA/GAMMA/DELTA/EPSILON) to enforce stability gating
warning: variable does not need to be mutable
  --> crates/crypto/circuits/src/tree.rs:68:5
   |
68 |     mut node: Var<'ctx, Scalar>,
   |     ----^^^^
   |     |
   |     help: remove this `mut`
   |
   = note: `#[warn(unused_mut)]` (part of `#[warn(unused)]`) on by default

warning: `shieldd-sdk-circuits` (lib) generated 1 warning (run `cargo fix --lib -p shieldd-sdk-circuits` to apply 1 suggestion)
   Compiling shieldd-sdk-circuits v2.1.0 (/Users/antoinecyr/Documents/Source/shieldd/crates/crypto/circuits)
    Finished `ci` profile [optimized] target(s) in 0.34s
warning: the following packages contain code that will be rejected by a future version of Rust: document-features v0.2.8
note: to see what the problems were, use the option `--future-incompat-report`, or run `cargo report future-incompatibilities --id 1`
     Running `target/ci/examples/catalogue_shapes`
EXPERIMENT_METRICS rows=204511 columns=204426 squared_nnz=2072362 linear_nnz=258018 domain=262144
transfer domain=262144 public=1 blocks=[1] relation=69ed4e2b22ec88efd0fdbb6d77f5148fc4628d41da63c33fc0d7dc59e4e85add
EXPERIMENT_METRICS rows=153460 columns=153362 squared_nnz=1453422 linear_nnz=193057 domain=262144
reshape1x8 domain=262144 public=1 blocks=[1] relation=1fef9c4433a3c48d7b9cc6d181f0e6eaf1210486c802f56707cc660b5ba165fb
EXPERIMENT_METRICS rows=179676 columns=180023 squared_nnz=2565572 linear_nnz=227020 domain=262144
reshape8x1 domain=262144 public=1 blocks=[1] relation=16350355de8ddc9b8e3e8ab9c30e9bd321bda58da612e00260a040b8f9cbc75b
EXPERIMENT_METRICS rows=114550 columns=114566 squared_nnz=1421917 linear_nnz=144387 domain=131072
withdrawal domain=131072 public=1 blocks=[1] relation=a0a20245eeaac56d89fc47f5477a9417046729ed364cd6ab607d93ecbfa2d242
EXPERIMENT_METRICS rows=16224 columns=16306 squared_nnz=310912 linear_nnz=20271 domain=16384
seizure domain=16384 public=1 blocks=[1] relation=3a33b7e14486ad413f5419e3ee4245e5999ce3a46c6a3028665087902dcdce2a
EXPERIMENT_METRICS rows=5172 columns=5123 squared_nnz=63108 linear_nnz=5860 domain=8192
disclosure domain=8192 public=1 blocks=[1] relation=030c0b595cf6b939510160cd7d9b7fb7bdf73db81f7b6b35c286cf96af7ed8ce
EXPERIMENT_METRICS rows=13330 columns=13368 squared_nnz=210524 linear_nnz=16668 domain=16384
history_generation domain=16384 public=1 blocks=[1] relation=1c114a97fb2275a856faff16b1ebdb85bbc023491d0fcbed28138c87b0cd9a0a
EXPERIMENT_METRICS rows=118533 columns=118893 squared_nnz=1928414 linear_nnz=147634 domain=131072
history_chunk10 domain=131072 public=1 blocks=[1] relation=d16ec4ba36c40a20361e5c112b2751a549159e0c76397b01c15d2a297bd2b5b0
EXIT=0
