$ git apply --check /tmp/shieldd-experiments/arithmetic/variants/authorization.patch
EXIT=0
$ git apply /tmp/shieldd-experiments/arithmetic/variants/authorization.patch
EXIT=0
$ cargo run -p shieldd-sdk-circuits --example catalogue_shapes --profile ci --
warning: commonware-macros-impl@2026.7.0: stability cfg not set; set RUSTFLAGS="--cfg commonware_stability_X" (ALPHA/BETA/GAMMA/DELTA/EPSILON) to enforce stability gating
   Compiling shieldd-sdk-circuits v2.1.0 (/Users/antoinecyr/Documents/Source/shieldd/crates/crypto/circuits)
    Finished `ci` profile [optimized] target(s) in 3.55s
warning: the following packages contain code that will be rejected by a future version of Rust: document-features v0.2.8
note: to see what the problems were, use the option `--future-incompat-report`, or run `cargo report future-incompatibilities --id 1`
     Running `target/ci/examples/catalogue_shapes`
EXPERIMENT_METRICS rows=211674 columns=211627 squared_nnz=2091005 linear_nnz=268324 domain=262144
transfer domain=262144 public=1 blocks=[1] relation=6fccf283df6229e366745c015c12f6d4d0b9951aedcb23ddb26729eda08fe7dc
EXPERIMENT_METRICS rows=156549 columns=156488 squared_nnz=1459863 linear_nnz=198021 domain=262144
reshape1x8 domain=262144 public=1 blocks=[1] relation=d0aa6dd312f72fc121a09c57dba250123b4f3516e9b0bb3af98ea602f00762a6
EXPERIMENT_METRICS rows=185425 columns=185809 squared_nnz=2577976 linear_nnz=236002 domain=262144
reshape8x1 domain=262144 public=1 blocks=[1] relation=5e1c7133c33f950b0a0ba5107e19862f45a17baf53a9b9969dc326d8e274c67c
EXPERIMENT_METRICS rows=118590 columns=118644 squared_nnz=1431088 linear_nnz=150851 domain=131072
withdrawal domain=131072 public=1 blocks=[1] relation=185aeed357291855cdd1f054ed1a2984927edfdcfc4224410c3e217507ccde1c
EXPERIMENT_METRICS rows=16604 columns=16686 squared_nnz=311780 linear_nnz=20845 domain=32768
seizure domain=32768 public=1 blocks=[1] relation=116a1686021dd3f2fdcb8e15f902ffe97bdf5d41e7e2a63ab99921f294bcebc2
EXPERIMENT_METRICS rows=159226 columns=158090 squared_nnz=1714147 linear_nnz=210236 domain=262144
disclosure domain=262144 public=1 blocks=[1] relation=b0e23009857e9c1d42f1778204336bba83163a96132d4f832978fd08811c9cf6
EXPERIMENT_METRICS rows=15123 columns=15166 squared_nnz=216294 linear_nnz=19664 domain=16384
history_generation domain=16384 public=1 blocks=[1] relation=75080fcbc99effe7079a901ccc24d99ef208fbf6acf00c3771e67ef8dad2b710
EXPERIMENT_METRICS rows=143357 columns=143740 squared_nnz=2005662 linear_nnz=186774 domain=262144
history_chunk10 domain=262144 public=1 blocks=[1] relation=f45eb011a7319e0b9691f4485387e8e97d41bf7254d5c177daf106330290e4b1
EXIT=0
