$ git apply --check /tmp/shieldd-experiments/arithmetic/variants/range_limbs_eq.patch
EXIT=0
$ git apply /tmp/shieldd-experiments/arithmetic/variants/range_limbs_eq.patch
EXIT=0
$ git apply --check /tmp/shieldd-experiments/arithmetic/variants/routing.patch
EXIT=0
$ git apply /tmp/shieldd-experiments/arithmetic/variants/routing.patch
EXIT=0
$ git apply --check /tmp/shieldd-experiments/arithmetic/variants/authorization.patch
EXIT=0
$ git apply /tmp/shieldd-experiments/arithmetic/variants/authorization.patch
EXIT=0
$ git apply --check /tmp/shieldd-experiments/arithmetic/variants/tree_position.patch
EXIT=0
$ git apply /tmp/shieldd-experiments/arithmetic/variants/tree_position.patch
EXIT=0
$ git apply --check /tmp/shieldd-experiments/arithmetic/variants/note_position_bounded.patch
EXIT=0
$ git apply /tmp/shieldd-experiments/arithmetic/variants/note_position_bounded.patch
EXIT=0
$ git apply --check /tmp/shieldd-experiments/arithmetic/variants/seizure_position_bounded.patch
EXIT=0
$ git apply /tmp/shieldd-experiments/arithmetic/variants/seizure_position_bounded.patch
EXIT=0
$ git apply --check /tmp/shieldd-experiments/arithmetic/variants/volume_bounded.patch
EXIT=0
$ git apply /tmp/shieldd-experiments/arithmetic/variants/volume_bounded.patch
EXIT=0
$ git apply --check /tmp/shieldd-experiments/arithmetic/variants/balance.patch
EXIT=0
$ git apply /tmp/shieldd-experiments/arithmetic/variants/balance.patch
EXIT=0
$ git apply --check /tmp/shieldd-experiments/arithmetic/variants/disclosure_combined.patch
EXIT=0
$ git apply /tmp/shieldd-experiments/arithmetic/variants/disclosure_combined.patch
EXIT=0
$ git apply --check /tmp/shieldd-experiments/arithmetic/variants/registry_limbs.patch
EXIT=0
$ git apply /tmp/shieldd-experiments/arithmetic/variants/registry_limbs.patch
EXIT=0
$ git apply --check /tmp/shieldd-experiments/arithmetic/variants/history_combined.patch
EXIT=0
$ git apply /tmp/shieldd-experiments/arithmetic/variants/history_combined.patch
EXIT=0
$ cargo test -p shieldd-sdk-circuits --profile ci --lib -- --test-threads=1
warning: commonware-macros-impl@2026.7.0: stability cfg not set; set RUSTFLAGS="--cfg commonware_stability_X" (ALPHA/BETA/GAMMA/DELTA/EPSILON) to enforce stability gating
   Compiling shieldd-sdk-circuits v2.1.0 (/Users/antoinecyr/Documents/Source/shieldd/crates/crypto/circuits)
warning: variable does not need to be mutable
  --> crates/crypto/circuits/src/tree.rs:68:5
   |
68 |     mut node: Var<'ctx, Scalar>,
   |     ----^^^^
   |     |
   |     help: remove this `mut`
   |
   = note: `#[warn(unused_mut)]` (part of `#[warn(unused)]`) on by default

warning: `shieldd-sdk-circuits` (lib test) generated 1 warning (run `cargo fix --lib -p shieldd-sdk-circuits --tests` to apply 1 suggestion)
    Finished `ci` profile [optimized] target(s) in 15.75s
warning: the following packages contain code that will be rejected by a future version of Rust: document-features v0.2.8
note: to see what the problems were, use the option `--future-incompat-report`, or run `cargo report future-incompatibilities --id 1`
     Running unittests src/lib.rs (target/ci/deps/shieldd_sdk_circuits-a2137c0189338891)

running 57 tests
test audit::tests::commitments_and_registration_rules_match_runtime ... ok
test audit::tests::ownership_runtime_circuit_and_encodings_agree ... ok
test authorization::tests::ownership_and_regulated_key_bind_all_inputs_in_both_branches ... ok
test balance::conservation_tests::conservation_supports_eight_maximum_amounts_without_field_wrap ... ok
test balance::tests::full_integer_net_balance_and_blinding_match_native_without_field_wrap ... ok
test balance::tests::real_pari_proof_binds_native_generator_map_and_committed_balance_blinding ... ok
test catalogue::tests::catalogue_relations_match_all_eight_real_witness_shapes ... ok
test compliance::tests::authenticated_leaf_and_active_lifecycle_reject_mutations_without_erasing_generation ... ok
test disclosure::tests::disclosure_proof_binds_full_statement_and_context ... ok
test disclosure::tests::predicates_constrain_both_true_and_false_results_and_canonical_bounds ... ok
test disclosure::tests::prefix_padding_reveals_and_optional_total_preserve_full_u128_amounts ... ok
test encoding::tests::encrypted_address_words_match_exact_native_bytes ... ok
test encoding::tests::modulus_representative_cannot_encode_zero ... ok
test encryption::tests::all_tiers_decrypt_for_the_selected_party_and_detection_always_for_issuer ... ok
test encryption::tests::ciphertexts_bind_amount_asset_flag_and_ordered_addresses ... ok
test encryption::tests::every_published_field_nonce_and_ephemeral_is_constrained_in_both_branches ... ok
test encryption::tests::flagged_tiers_use_issuer_dk_and_ordinary_tiers_use_shared_payload_with_independent_openings ... ok
test encryption::tests::native_pari_proves_all_four_tiers_and_binds_claim_and_commitment ... ok
test group::tests::fixed_windows_match_variable_and_independent_group_boundaries ... ok
test group::tests::native_generator_and_cofactor_subgroup_circuit_agree ... ok
test group::tests::torsion_and_identity_are_rejected_at_ownership_boundary ... ok
test hash::tests::immutable_parameters_and_generators_are_shared ... ok
test hash::tests::matrix_has_no_singular_minor ... ok
test hash::tests::native_and_circuit_match_pinned_arkworks_vectors ... ok
test hash::tests::wrong_hash_and_cross_domain_are_rejected ... ok
test history::tests::canonical_gap_sentinels_paths_and_position_ranges_are_bound ... ok
test history::tests::chunk_requires_ten_ordered_complete_witnesses_with_checked_u64_indices ... ok
test history::tests::generation_and_direct_chunk_proofs_verify_with_zero_committed_predecessors ... ok
test map::tests::native_and_circuit_match_arkworks_elligator_including_zero_and_full_field ... ok
test map::tests::quadratic_choice_and_domain_separated_generator_bindings_are_not_optional ... ok
test note::tests::identity_randomized_keys_are_rejected_for_real_and_dummy_spends ... ok
test note::tests::optional_dummy_enforces_gated_constraints_and_fixed_slot ... ok
test note::tests::output_notes_bind_recovery_and_only_change_can_be_zero ... ok
test note::tests::real_spends_bind_note_path_nullifier_authorization_and_history_boundary ... ok
test range::tests::bounded_difference_matches_integer_order ... ok
test range::tests::full_u128_and_u129_sum_are_preserved ... ok
test range::tests::limb_comparison_preserves_canonical_field_order ... ok
test range::tests::limit_boundary_is_inclusive ... ok
test recovery::tests::capsule_binds_every_word_and_private_value_for_zero_and_full_u128_amounts ... ok
test registry::tests::membership_and_canonical_gap_bind_every_authenticated_leaf_fact ... ok
test reshape::tests::both_shapes_conserve_and_authenticate_with_canonical_padding ... ok
test reshape::tests::split_and_merge_prove_with_distinct_fixed_relations ... ok
test routing::single_tests::single_route_preserves_precision_boundaries_and_parameter_binding ... ok
test routing::tests::both_permutations_and_precision_boundaries_match_native_tags ... ok
test routing::tests::tags_parameters_nonce_and_sender_relevance_are_bound ... ok
test scalar::tests::subgroup_reduction_preserves_canonical_integer_equation ... ok
test seizure::tests::released_seed_note_membership_and_every_public_fact_are_bound ... ok
test seizure::tests::seizure_proof_uses_only_released_plaintext_not_encryption_secret ... ok
test transfer::tests::all_branches_compile_to_one_relation_and_bind_current_audit_keys ... ok
test transfer::tests::complete_transfer_proves_and_verifies_with_current_compliance ... ok
test tree::tests::all_quaternary_slots_and_high_position_bits_are_bound ... ok
test volume::tests::limit_overflow_timestamp_and_predecessor_mutations_are_rejected ... ok
test volume::tests::origin_continuation_disclosure_and_fee_constraints_are_preserved ... ok
test volume::tests::real_pari_proof_covers_full_depth_accumulator_relation ... ok
test withdrawal::tests::withdrawal_binds_all_512_effect_hash_bits ... ok
test withdrawal::tests::withdrawal_preserves_volume_encryption_and_exact_conservation ... ok
test withdrawal::tests::withdrawal_proof_binds_external_effects ... ok

test result: ok. 57 passed; 0 failed; 0 ignored; 0 measured; 0 filtered out; finished in 453.28s

EXIT=0
$ cargo run -p shieldd-sdk-circuits --example catalogue_shapes --profile ci --
warning: commonware-macros-impl@2026.7.0: stability cfg not set; set RUSTFLAGS="--cfg commonware_stability_X" (ALPHA/BETA/GAMMA/DELTA/EPSILON) to enforce stability gating
   Compiling shieldd-sdk-circuits v2.1.0 (/Users/antoinecyr/Documents/Source/shieldd/crates/crypto/circuits)
warning: variable does not need to be mutable
  --> crates/crypto/circuits/src/tree.rs:68:5
   |
68 |     mut node: Var<'ctx, Scalar>,
   |     ----^^^^
   |     |
   |     help: remove this `mut`
   |
   = note: `#[warn(unused_mut)]` (part of `#[warn(unused)]`) on by default

warning: `shieldd-sdk-circuits` (lib) generated 1 warning (run `cargo fix --lib -p shieldd-sdk-circuits` to apply 1 suggestion)
    Finished `ci` profile [optimized] target(s) in 4.63s
warning: the following packages contain code that will be rejected by a future version of Rust: document-features v0.2.8
note: to see what the problems were, use the option `--future-incompat-report`, or run `cargo report future-incompatibilities --id 1`
     Running `target/ci/examples/catalogue_shapes`
EXPERIMENT_METRICS rows=204511 columns=204426 squared_nnz=2072362 linear_nnz=258018 domain=262144
transfer domain=262144 public=1 blocks=[1] relation=69ed4e2b22ec88efd0fdbb6d77f5148fc4628d41da63c33fc0d7dc59e4e85add
EXPERIMENT_METRICS rows=153460 columns=153362 squared_nnz=1453422 linear_nnz=193057 domain=262144
reshape1x8 domain=262144 public=1 blocks=[1] relation=1fef9c4433a3c48d7b9cc6d181f0e6eaf1210486c802f56707cc660b5ba165fb
EXPERIMENT_METRICS rows=179676 columns=180023 squared_nnz=2565572 linear_nnz=227020 domain=262144
reshape8x1 domain=262144 public=1 blocks=[1] relation=16350355de8ddc9b8e3e8ab9c30e9bd321bda58da612e00260a040b8f9cbc75b
EXPERIMENT_METRICS rows=114550 columns=114566 squared_nnz=1421917 linear_nnz=144387 domain=131072
withdrawal domain=131072 public=1 blocks=[1] relation=a0a20245eeaac56d89fc47f5477a9417046729ed364cd6ab607d93ecbfa2d242
EXPERIMENT_METRICS rows=16224 columns=16306 squared_nnz=310912 linear_nnz=20271 domain=16384
seizure domain=16384 public=1 blocks=[1] relation=3a33b7e14486ad413f5419e3ee4245e5999ce3a46c6a3028665087902dcdce2a
EXPERIMENT_METRICS rows=90949 columns=89846 squared_nnz=1195321 linear_nnz=104471 domain=131072
disclosure domain=131072 public=1 blocks=[1] relation=9c6b6d1319d62a8225a7bb67a1585d8cd9cb59889b0432c15ad6041e65cfb5cb
EXPERIMENT_METRICS rows=13330 columns=13368 squared_nnz=210524 linear_nnz=16668 domain=16384
history_generation domain=16384 public=1 blocks=[1] relation=1c114a97fb2275a856faff16b1ebdb85bbc023491d0fcbed28138c87b0cd9a0a
EXPERIMENT_METRICS rows=118533 columns=118893 squared_nnz=1928414 linear_nnz=147634 domain=131072
history_chunk10 domain=131072 public=1 blocks=[1] relation=d16ec4ba36c40a20361e5c112b2751a549159e0c76397b01c15d2a297bd2b5b0
EXIT=0
