$ git apply --check /tmp/shieldd-experiments/arithmetic/variants/routing.patch
EXIT=0
$ git apply /tmp/shieldd-experiments/arithmetic/variants/routing.patch
EXIT=0
$ git apply --check /tmp/shieldd-experiments/arithmetic/variants/tree.patch
EXIT=0
$ git apply /tmp/shieldd-experiments/arithmetic/variants/tree.patch
EXIT=0
$ git apply --check /tmp/shieldd-experiments/arithmetic/variants/authorization.patch
EXIT=0
$ git apply /tmp/shieldd-experiments/arithmetic/variants/authorization.patch
EXIT=0
$ git apply --check /tmp/shieldd-experiments/arithmetic/variants/range.patch
EXIT=0
$ git apply /tmp/shieldd-experiments/arithmetic/variants/range.patch
EXIT=0
$ cargo test -p shieldd-sdk-circuits --profile ci routing::tests -- --test-threads=2
warning: commonware-macros-impl@2026.7.0: stability cfg not set; set RUSTFLAGS="--cfg commonware_stability_X" (ALPHA/BETA/GAMMA/DELTA/EPSILON) to enforce stability gating
   Compiling shieldd-sdk-circuits v2.1.0 (/Users/antoinecyr/Documents/Source/shieldd/crates/crypto/circuits)
    Finished `ci` profile [optimized] target(s) in 17.76s
warning: the following packages contain code that will be rejected by a future version of Rust: document-features v0.2.8
note: to see what the problems were, use the option `--future-incompat-report`, or run `cargo report future-incompatibilities --id 1`
     Running unittests src/lib.rs (target/ci/deps/shieldd_sdk_circuits-a2137c0189338891)

running 2 tests
test routing::tests::tags_parameters_nonce_and_sender_relevance_are_bound ... ok
test routing::tests::both_permutations_and_precision_boundaries_match_native_tags ... ok

test result: ok. 2 passed; 0 failed; 0 ignored; 0 measured; 53 filtered out; finished in 0.18s

     Running tests/pari.rs (target/ci/deps/pari-ad6925e579f9541c)

running 0 tests

test result: ok. 0 passed; 0 failed; 0 ignored; 0 measured; 1 filtered out; finished in 0.00s

EXIT=0
$ cargo test -p shieldd-sdk-circuits --profile ci tree::tests -- --test-threads=2
warning: commonware-macros-impl@2026.7.0: stability cfg not set; set RUSTFLAGS="--cfg commonware_stability_X" (ALPHA/BETA/GAMMA/DELTA/EPSILON) to enforce stability gating
    Finished `ci` profile [optimized] target(s) in 0.16s
warning: the following packages contain code that will be rejected by a future version of Rust: document-features v0.2.8
note: to see what the problems were, use the option `--future-incompat-report`, or run `cargo report future-incompatibilities --id 1`
     Running unittests src/lib.rs (target/ci/deps/shieldd_sdk_circuits-a2137c0189338891)

running 1 test
test tree::tests::all_quaternary_slots_and_high_position_bits_are_bound ... ok

test result: ok. 1 passed; 0 failed; 0 ignored; 0 measured; 54 filtered out; finished in 0.05s

     Running tests/pari.rs (target/ci/deps/pari-ad6925e579f9541c)

running 0 tests

test result: ok. 0 passed; 0 failed; 0 ignored; 0 measured; 1 filtered out; finished in 0.00s

EXIT=0
$ cargo test -p shieldd-sdk-circuits --profile ci authorization::tests -- --test-threads=2
warning: commonware-macros-impl@2026.7.0: stability cfg not set; set RUSTFLAGS="--cfg commonware_stability_X" (ALPHA/BETA/GAMMA/DELTA/EPSILON) to enforce stability gating
    Finished `ci` profile [optimized] target(s) in 0.15s
warning: the following packages contain code that will be rejected by a future version of Rust: document-features v0.2.8
note: to see what the problems were, use the option `--future-incompat-report`, or run `cargo report future-incompatibilities --id 1`
     Running unittests src/lib.rs (target/ci/deps/shieldd_sdk_circuits-a2137c0189338891)

running 1 test
test authorization::tests::ownership_and_regulated_key_bind_all_inputs_in_both_branches ... ok

test result: ok. 1 passed; 0 failed; 0 ignored; 0 measured; 54 filtered out; finished in 0.11s

     Running tests/pari.rs (target/ci/deps/pari-ad6925e579f9541c)

running 0 tests

test result: ok. 0 passed; 0 failed; 0 ignored; 0 measured; 1 filtered out; finished in 0.00s

EXIT=0
$ cargo test -p shieldd-sdk-circuits --profile ci range::tests -- --test-threads=2
warning: commonware-macros-impl@2026.7.0: stability cfg not set; set RUSTFLAGS="--cfg commonware_stability_X" (ALPHA/BETA/GAMMA/DELTA/EPSILON) to enforce stability gating
    Finished `ci` profile [optimized] target(s) in 0.16s
warning: the following packages contain code that will be rejected by a future version of Rust: document-features v0.2.8
note: to see what the problems were, use the option `--future-incompat-report`, or run `cargo report future-incompatibilities --id 1`
     Running unittests src/lib.rs (target/ci/deps/shieldd_sdk_circuits-a2137c0189338891)

running 2 tests
test range::tests::full_u128_and_u129_sum_are_preserved ... ok
test range::tests::limit_boundary_is_inclusive ... ok

test result: ok. 2 passed; 0 failed; 0 ignored; 0 measured; 53 filtered out; finished in 0.00s

     Running tests/pari.rs (target/ci/deps/pari-ad6925e579f9541c)

running 0 tests

test result: ok. 0 passed; 0 failed; 0 ignored; 0 measured; 1 filtered out; finished in 0.00s

EXIT=0
$ cargo run -p shieldd-sdk-circuits --example catalogue_shapes --profile ci --
warning: commonware-macros-impl@2026.7.0: stability cfg not set; set RUSTFLAGS="--cfg commonware_stability_X" (ALPHA/BETA/GAMMA/DELTA/EPSILON) to enforce stability gating
   Compiling shieldd-sdk-circuits v2.1.0 (/Users/antoinecyr/Documents/Source/shieldd/crates/crypto/circuits)
    Finished `ci` profile [optimized] target(s) in 0.36s
warning: the following packages contain code that will be rejected by a future version of Rust: document-features v0.2.8
note: to see what the problems were, use the option `--future-incompat-report`, or run `cargo report future-incompatibilities --id 1`
     Running `target/ci/examples/catalogue_shapes`
EXPERIMENT_METRICS rows=209753 columns=209675 squared_nnz=2089853 linear_nnz=265396 domain=262144
transfer domain=262144 public=1 blocks=[1] relation=fbca82aa69fe2e51308a6f5388415ff761f99e39da73141b61de5076970108dc
EXPERIMENT_METRICS rows=155140 columns=155048 squared_nnz=1459095 linear_nnz=195861 domain=262144
reshape1x8 domain=262144 public=1 blocks=[1] relation=67cb0ed8a29504d8b35ab72ea3dc2f0eb0abc52c613bb82ba96a6833df787816
EXPERIMENT_METRICS rows=182672 columns=183025 squared_nnz=2576200 linear_nnz=231826 domain=262144
reshape8x1 domain=262144 public=1 blocks=[1] relation=f0cc44e6fb0a4ba4ed16b0c6ee88f039003b661ec67b8d7460cd5f8e25492802
EXPERIMENT_METRICS rows=116797 columns=116820 squared_nnz=1430032 linear_nnz=148115 domain=131072
withdrawal domain=131072 public=1 blocks=[1] relation=12933ef60fe56a572014f33d515b2ed617b3622af8513772a727f58591853193
EXPERIMENT_METRICS rows=16412 columns=16494 squared_nnz=311621 linear_nnz=20557 domain=32768
seizure domain=32768 public=1 blocks=[1] relation=f26d8a185cf36939f10002f0b0d705eb4aa7e0b3b7bcb53a040f8a774394b2dd
EXPERIMENT_METRICS rows=159226 columns=158090 squared_nnz=1714147 linear_nnz=210236 domain=262144
disclosure domain=262144 public=1 blocks=[1] relation=b0e23009857e9c1d42f1778204336bba83163a96132d4f832978fd08811c9cf6
EXPERIMENT_METRICS rows=14963 columns=15006 squared_nnz=216174 linear_nnz=19424 domain=16384
history_generation domain=16384 public=1 blocks=[1] relation=8c9cceacecc74be80c518dfb774ee773e04c58cb24a162bb0a2f21a7f4c8e9f0
EXPERIMENT_METRICS rows=141757 columns=142140 squared_nnz=2004462 linear_nnz=184374 domain=262144
history_chunk10 domain=262144 public=1 blocks=[1] relation=8dcf180c6bebf77a48522889e043a8693fda490c16bd09d360478d07e39bd2e4
EXIT=0
