COMMAND ['/usr/bin/time', '-l', 'cargo', 'run', '--locked', '--profile', 'ci', '-p', 'shieldd-sdk-circuits', '--example', 'proof_bench', '--', 'disclosure']
warning: commonware-macros-impl@2026.7.0: stability cfg not set; set RUSTFLAGS="--cfg commonware_stability_X" (ALPHA/BETA/GAMMA/DELTA/EPSILON) to enforce stability gating
   Compiling shieldd-sdk-circuits v2.1.0 (/Users/antoinecyr/Documents/Source/shieldd/crates/crypto/circuits)
warning: variable does not need to be mutable
  --> crates/crypto/circuits/src/tree.rs:68:5
   |
68 |     mut node: Var<'ctx, Scalar>,
   |     ----^^^^
   |     |
   |     help: remove this `mut`
   |
   = note: `#[warn(unused_mut)]` (part of `#[warn(unused)]`) on by default

warning: `shieldd-sdk-circuits` (lib) generated 1 warning (run `cargo fix --lib -p shieldd-sdk-circuits` to apply 1 suggestion)
    Finished `ci` profile [optimized] target(s) in 6.45s
warning: the following packages contain code that will be rejected by a future version of Rust: document-features v0.2.8
note: to see what the problems were, use the option `--future-incompat-report`, or run `cargo report future-incompatibilities --id 1`
     Running `target/ci/examples/proof_bench disclosure`
EXPERIMENT_METRICS rows=5172 columns=5123 squared_nnz=63108 linear_nnz=5860 domain=8192
PROOF_BENCH family=disclosure compile_ms=71 domain=8192
PROOF_BENCH setup_ms=992 pk_bytes=1840166
EXPERIMENT_METRICS rows=5172 columns=5123 squared_nnz=63108 linear_nnz=5860 domain=8192
PROOF_BENCH run=0 witness_ms=1 assignment_ms=65 claim_ms=0 native_prove_ms=147 prove_pipeline_ms=213 verify_us=766 proof_bytes=244
EXPERIMENT_METRICS rows=5172 columns=5123 squared_nnz=63108 linear_nnz=5860 domain=8192
PROOF_BENCH run=1 witness_ms=1 assignment_ms=66 claim_ms=0 native_prove_ms=148 prove_pipeline_ms=214 verify_us=754 proof_bytes=244
EXPERIMENT_METRICS rows=5172 columns=5123 squared_nnz=63108 linear_nnz=5860 domain=8192
PROOF_BENCH run=2 witness_ms=1 assignment_ms=70 claim_ms=0 native_prove_ms=147 prove_pipeline_ms=218 verify_us=733 proof_bytes=244
        8.43 real         3.17 user         0.14 sys
           173113344  maximum resident set size
                   0  average shared memory size
                   0  average unshared data size
                   0  average unshared stack size
               37998  page reclaims
                   0  page faults
                   0  swaps
                   0  block input operations
                   0  block output operations
                   0  messages sent
                   0  messages received
                   0  signals received
                   0  voluntary context switches
                3432  involuntary context switches
         60559890110  instructions retired
         13040774536  cycles elapsed
           123323040  peak memory footprint
EXIT=0
