COMMAND ['/usr/bin/time', '-l', 'cargo', 'run', '--locked', '--profile', 'ci', '-p', 'shieldd-sdk-circuits', '--example', 'proof_bench', '--', 'disclosure']
warning: commonware-macros-impl@2026.7.0: stability cfg not set; set RUSTFLAGS="--cfg commonware_stability_X" (ALPHA/BETA/GAMMA/DELTA/EPSILON) to enforce stability gating
   Compiling shieldd-sdk-circuits v2.1.0 (/Users/antoinecyr/Documents/Source/shieldd/crates/crypto/circuits)
warning: variable does not need to be mutable
  --> crates/crypto/circuits/src/tree.rs:68:5
   |
68 |     mut node: Var<'ctx, Scalar>,
   |     ----^^^^
   |     |
   |     help: remove this `mut`
   |
   = note: `#[warn(unused_mut)]` (part of `#[warn(unused)]`) on by default

warning: `shieldd-sdk-circuits` (lib) generated 1 warning (run `cargo fix --lib -p shieldd-sdk-circuits` to apply 1 suggestion)
    Finished `ci` profile [optimized] target(s) in 7.16s
warning: the following packages contain code that will be rejected by a future version of Rust: document-features v0.2.8
note: to see what the problems were, use the option `--future-incompat-report`, or run `cargo report future-incompatibilities --id 1`
     Running `target/ci/examples/proof_bench disclosure`
EXPERIMENT_METRICS rows=90949 columns=89846 squared_nnz=1195321 linear_nnz=104471 domain=131072
PROOF_BENCH family=disclosure compile_ms=1389 domain=131072
PROOF_BENCH setup_ms=15825 pk_bytes=29838725
EXPERIMENT_METRICS rows=90949 columns=89846 squared_nnz=1195321 linear_nnz=104471 domain=131072
PROOF_BENCH run=0 witness_ms=24 assignment_ms=1378 claim_ms=0 native_prove_ms=2076 prove_pipeline_ms=3455 verify_us=740 proof_bytes=244
EXPERIMENT_METRICS rows=90949 columns=89846 squared_nnz=1195321 linear_nnz=104471 domain=131072
PROOF_BENCH run=1 witness_ms=26 assignment_ms=1374 claim_ms=0 native_prove_ms=2081 prove_pipeline_ms=3456 verify_us=749 proof_bytes=244
EXPERIMENT_METRICS rows=90949 columns=89846 squared_nnz=1195321 linear_nnz=104471 domain=131072
PROOF_BENCH run=2 witness_ms=25 assignment_ms=1362 claim_ms=0 native_prove_ms=2074 prove_pipeline_ms=3437 verify_us=745 proof_bytes=244
       36.31 real        47.19 user         1.14 sys
          2528706560  maximum resident set size
                   0  average shared memory size
                   0  average unshared data size
                   0  average unshared stack size
              363824  page reclaims
                1032  page faults
                   0  swaps
                   0  block input operations
                   0  block output operations
                   0  messages sent
                   0  messages received
                   0  signals received
                   1  voluntary context switches
               15720  involuntary context switches
        893047453313  instructions retired
        189874175531  cycles elapsed
          2020263712  peak memory footprint
EXIT=0
