COMMAND ['/usr/bin/time', '-l', 'cargo', 'run', '--locked', '--profile', 'ci', '-p', 'shieldd-sdk-circuits', '--example', 'proof_bench', '--', 'transfer']
warning: commonware-macros-impl@2026.7.0: stability cfg not set; set RUSTFLAGS="--cfg commonware_stability_X" (ALPHA/BETA/GAMMA/DELTA/EPSILON) to enforce stability gating
   Compiling shieldd-sdk-circuits v2.1.0 (/Users/antoinecyr/Documents/Source/shieldd/crates/crypto/circuits)
    Finished `ci` profile [optimized] target(s) in 7.06s
warning: the following packages contain code that will be rejected by a future version of Rust: document-features v0.2.8
note: to see what the problems were, use the option `--future-incompat-report`, or run `cargo report future-incompatibilities --id 1`
     Running `target/ci/examples/proof_bench transfer`
EXPERIMENT_METRICS rows=212174 columns=212126 squared_nnz=2217505 linear_nnz=269074 domain=262144
PROOF_BENCH family=transfer compile_ms=2000 domain=262144
PROOF_BENCH setup_ms=31898 pk_bytes=61363109
EXPERIMENT_METRICS rows=212174 columns=212126 squared_nnz=2217505 linear_nnz=269074 domain=262144
PROOF_BENCH run=0 witness_ms=56 assignment_ms=1969 claim_ms=0 native_prove_ms=4107 prove_pipeline_ms=6077 verify_us=755 proof_bytes=244
EXPERIMENT_METRICS rows=212174 columns=212126 squared_nnz=2217505 linear_nnz=269074 domain=262144
PROOF_BENCH run=1 witness_ms=56 assignment_ms=1976 claim_ms=0 native_prove_ms=4125 prove_pipeline_ms=6102 verify_us=743 proof_bytes=244
EXPERIMENT_METRICS rows=212174 columns=212126 squared_nnz=2217505 linear_nnz=269074 domain=262144
PROOF_BENCH run=2 witness_ms=54 assignment_ms=1977 claim_ms=0 native_prove_ms=4114 prove_pipeline_ms=6091 verify_us=733 proof_bytes=244
       62.21 real        90.96 user         1.71 sys
          3494871040  maximum resident set size
                   0  average shared memory size
                   0  average unshared data size
                   0  average unshared stack size
              469393  page reclaims
                1032  page faults
                   0  swaps
                   0  block input operations
                   0  block output operations
                   0  messages sent
                   0  messages received
                   0  signals received
                   0  voluntary context switches
               26275  involuntary context switches
       1711016004917  instructions retired
        363623627567  cycles elapsed
          2696497456  peak memory footprint
EXIT=0
