COMMAND ['/usr/bin/time', '-l', 'cargo', 'run', '--locked', '--profile', 'ci', '-p', 'shieldd-sdk-circuits', '--example', 'proof_bench', '--', 'transfer']
warning: commonware-macros-impl@2026.7.0: stability cfg not set; set RUSTFLAGS="--cfg commonware_stability_X" (ALPHA/BETA/GAMMA/DELTA/EPSILON) to enforce stability gating
   Compiling shieldd-sdk-circuits v2.1.0 (/Users/antoinecyr/Documents/Source/shieldd/crates/crypto/circuits)
warning: variable does not need to be mutable
  --> crates/crypto/circuits/src/tree.rs:68:5
   |
68 |     mut node: Var<'ctx, Scalar>,
   |     ----^^^^
   |     |
   |     help: remove this `mut`
   |
   = note: `#[warn(unused_mut)]` (part of `#[warn(unused)]`) on by default

warning: `shieldd-sdk-circuits` (lib) generated 1 warning (run `cargo fix --lib -p shieldd-sdk-circuits` to apply 1 suggestion)
    Finished `ci` profile [optimized] target(s) in 6.31s
warning: the following packages contain code that will be rejected by a future version of Rust: document-features v0.2.8
note: to see what the problems were, use the option `--future-incompat-report`, or run `cargo report future-incompatibilities --id 1`
     Running `target/ci/examples/proof_bench transfer`
EXPERIMENT_METRICS rows=199891 columns=199806 squared_nnz=2073550 linear_nnz=252474 domain=262144
PROOF_BENCH family=transfer compile_ms=1920 domain=262144
PROOF_BENCH setup_ms=31481 pk_bytes=60722469
EXPERIMENT_METRICS rows=199891 columns=199806 squared_nnz=2073550 linear_nnz=252474 domain=262144
PROOF_BENCH run=0 witness_ms=56 assignment_ms=1963 claim_ms=0 native_prove_ms=4078 prove_pipeline_ms=6042 verify_us=751 proof_bytes=244
EXPERIMENT_METRICS rows=199891 columns=199806 squared_nnz=2073550 linear_nnz=252474 domain=262144
PROOF_BENCH run=1 witness_ms=59 assignment_ms=2011 claim_ms=0 native_prove_ms=4081 prove_pipeline_ms=6093 verify_us=739 proof_bytes=244
EXPERIMENT_METRICS rows=199891 columns=199806 squared_nnz=2073550 linear_nnz=252474 domain=262144
PROOF_BENCH run=2 witness_ms=60 assignment_ms=1979 claim_ms=0 native_prove_ms=4083 prove_pipeline_ms=6063 verify_us=762 proof_bytes=244
       60.86 real        90.73 user         1.89 sys
          3514630144  maximum resident set size
                   0  average shared memory size
                   0  average unshared data size
                   0  average unshared stack size
              695147  page reclaims
                   0  page faults
                   0  swaps
                   0  block input operations
                   0  block output operations
                   0  messages sent
                   0  messages received
                   0  signals received
                   0  voluntary context switches
               24578  involuntary context switches
       1711674313818  instructions retired
        363810949589  cycles elapsed
          2644592896  peak memory footprint
EXIT=0
