COMMAND ['/usr/bin/time', '-l', 'cargo', 'run', '--locked', '--profile', 'ci', '-p', 'shieldd-sdk-circuits', '--example', 'proof_bench', '--', 'transfer']
warning: commonware-macros-impl@2026.7.0: stability cfg not set; set RUSTFLAGS="--cfg commonware_stability_X" (ALPHA/BETA/GAMMA/DELTA/EPSILON) to enforce stability gating
   Compiling shieldd-sdk-circuits v2.1.0 (/Users/antoinecyr/Documents/Source/shieldd/crates/crypto/circuits)
warning: variable does not need to be mutable
  --> crates/crypto/circuits/src/tree.rs:68:5
   |
68 |     mut node: Var<'ctx, Scalar>,
   |     ----^^^^
   |     |
   |     help: remove this `mut`
   |
   = note: `#[warn(unused_mut)]` (part of `#[warn(unused)]`) on by default

warning: `shieldd-sdk-circuits` (lib) generated 1 warning (run `cargo fix --lib -p shieldd-sdk-circuits` to apply 1 suggestion)
    Finished `ci` profile [optimized] target(s) in 6.45s
warning: the following packages contain code that will be rejected by a future version of Rust: document-features v0.2.8
note: to see what the problems were, use the option `--future-incompat-report`, or run `cargo report future-incompatibilities --id 1`
     Running `target/ci/examples/proof_bench transfer`
EXPERIMENT_METRICS rows=204511 columns=204426 squared_nnz=2072362 linear_nnz=258018 domain=262144
PROOF_BENCH family=transfer compile_ms=1922 domain=262144
PROOF_BENCH setup_ms=31414 pk_bytes=60962709
EXPERIMENT_METRICS rows=204511 columns=204426 squared_nnz=2072362 linear_nnz=258018 domain=262144
PROOF_BENCH run=0 witness_ms=56 assignment_ms=1956 claim_ms=0 native_prove_ms=4107 prove_pipeline_ms=6064 verify_us=752 proof_bytes=244
EXPERIMENT_METRICS rows=204511 columns=204426 squared_nnz=2072362 linear_nnz=258018 domain=262144
PROOF_BENCH run=1 witness_ms=57 assignment_ms=1972 claim_ms=0 native_prove_ms=4103 prove_pipeline_ms=6075 verify_us=750 proof_bytes=244
EXPERIMENT_METRICS rows=204511 columns=204426 squared_nnz=2072362 linear_nnz=258018 domain=262144
PROOF_BENCH run=2 witness_ms=53 assignment_ms=1932 claim_ms=0 native_prove_ms=4106 prove_pipeline_ms=6039 verify_us=749 proof_bytes=244
       60.93 real        90.88 user         1.71 sys
          3462266880  maximum resident set size
                   0  average shared memory size
                   0  average unshared data size
                   0  average unshared stack size
              472672  page reclaims
                   0  page faults
                   0  swaps
                   0  block input operations
                   0  block output operations
                   0  messages sent
                   0  messages received
                   0  signals received
                   0  voluntary context switches
               25258  involuntary context switches
       1711279100669  instructions retired
        363524013341  cycles elapsed
          2663860456  peak memory footprint
EXIT=0
