warning: commonware-macros-impl@2026.7.0: stability cfg not set; set RUSTFLAGS="--cfg commonware_stability_X" (ALPHA/BETA/GAMMA/DELTA/EPSILON) to enforce stability gating
warning: unused import: `commonware_math::algebra::Additive`
  --> /Users/antoinecyr/Documents/Source/shieldd/tools/proving-experiment/candidates/native-comparator34/src/balance.rs:13:5
   |
13 | use commonware_math::algebra::Additive;
   |     ^^^^^^^^^^^^^^^^^^^^^^^^^^^^^^^^^^
   |
   = note: `#[warn(unused_imports)]` (part of `#[warn(unused)]`) on by default

warning: unused import: `Ring`
  --> /Users/antoinecyr/Documents/Source/shieldd/tools/proving-experiment/candidates/native-comparator34/src/encryption.rs:12:42
   |
12 | use commonware_math::algebra::{Additive, Ring};
   |                                          ^^^^

warning: unused import: `Ring`
  --> /Users/antoinecyr/Documents/Source/shieldd/tools/proving-experiment/candidates/native-comparator34/src/recovery.rs:12:42
   |
12 | use commonware_math::algebra::{Additive, Ring};
   |                                          ^^^^

warning: `shieldd-native-comparator34-experiment` (lib) generated 3 warnings (run `cargo fix --lib -p shieldd-native-comparator34-experiment` to apply 3 suggestions)
   Compiling shieldd-prepared-ntt-screen v0.1.0 (/Users/antoinecyr/Documents/Source/shieldd/tools/proving-experiment/candidates/prepared-ntt)
warning: unused import: `Ring`
  --> src/main.rs:14:25
   |
14 |     algebra::{Additive, Ring},
   |                         ^^^^
   |
   = note: `#[warn(unused_imports)]` (part of `#[warn(unused)]`) on by default

error[E0308]: mismatched types
   --> src/main.rs:45:30
    |
 45 |     hex::encode(Sha256::hash(bytes).as_ref())
    |                 ------------ ^^^^^ expected `&[&[u8]]`, found `&[u8]`
    |                 |
    |                 arguments to this function are incorrect
    |
    = note: expected reference `&[&[u8]]`
               found reference `&[u8]`
note: associated function defined here
   --> /Users/antoinecyr/Documents/Source/shieldd/tools/proving-experiment/cache/commonware-subset34/cryptography/src/lib.rs:274:12
    |
274 |         fn hash(parts: &[&[u8]]) -> Self::Digest;
    |            ^^^^

For more information about this error, try `rustc --explain E0308`.
warning: `shieldd-prepared-ntt-screen` (bin "shieldd-prepared-ntt-screen") generated 1 warning
error: could not compile `shieldd-prepared-ntt-screen` (bin "shieldd-prepared-ntt-screen") due to 1 previous error; 1 warning emitted
