warning: commonware-macros-impl@2026.7.0: stability cfg not set; set RUSTFLAGS="--cfg commonware_stability_X" (ALPHA/BETA/GAMMA/DELTA/EPSILON) to enforce stability gating
warning: unused import: `commonware_math::algebra::Additive`
  --> /Users/antoinecyr/Documents/Source/shieldd/tools/proving-experiment/candidates/native-comparator34/src/balance.rs:13:5
   |
13 | use commonware_math::algebra::Additive;
   |     ^^^^^^^^^^^^^^^^^^^^^^^^^^^^^^^^^^
   |
   = note: `#[warn(unused_imports)]` (part of `#[warn(unused)]`) on by default

warning: unused import: `Ring`
  --> /Users/antoinecyr/Documents/Source/shieldd/tools/proving-experiment/candidates/native-comparator34/src/encryption.rs:12:42
   |
12 | use commonware_math::algebra::{Additive, Ring};
   |                                          ^^^^

warning: unused import: `Ring`
  --> /Users/antoinecyr/Documents/Source/shieldd/tools/proving-experiment/candidates/native-comparator34/src/recovery.rs:12:42
   |
12 | use commonware_math::algebra::{Additive, Ring};
   |                                          ^^^^

warning: `shieldd-native-comparator34-experiment` (lib) generated 3 warnings (run `cargo fix --lib -p shieldd-native-comparator34-experiment` to apply 3 suggestions)
   Compiling shieldd-prepared-ntt-screen v0.1.0 (/Users/antoinecyr/Documents/Source/shieldd/tools/proving-experiment/candidates/prepared-ntt)
    Finished `release` profile [optimized] target(s) in 0.58s
     Running `tools/proving-experiment/native/target/release/shieldd-prepared-ntt-screen tools/proving-experiment/cache/native-tuned-witnesses/transfer.witness tools/proving-experiment/cache/prepared-ntt-cost.json`
