"-*- Mode: auto-revert -*-"
/Users/antoinecyr/Documents/Source/penumbra/crates/core/component/shielded-pool/formal/acl2/lib
HOST: Antoines-MacBook-Pro.local

Environment variables:
ACL2_CUSTOMIZATION=NONE
ACL2_SYSTEM_BOOKS=/opt/homebrew/Cellar/acl2/8.7_3/libexec/books
ACL2=/opt/homebrew/bin/acl2p
ACL2_USELESS_RUNES=-25

Temp lisp file:
(acl2::value :q)
(acl2::in-package "ACL2")
; see github issue #638 (waterfall-parallelism and profiling):
#+(and hons (not acl2-par)) (profile-fn 'prove)
#+(and hons (not acl2-par)) (profile-fn 'certify-book-fn)
#+(and hons (not acl2-par)) (profile-fn 'include-book-fn)
(acl2::lp)
(set-debugger-enable :bt)
(acl2::in-package "ACL2")

(set-ld-error-action (quote (:exit 1)) state)
(set-inhibit-output-lst (list (quote prove) (quote proof-tree) (quote warning) (quote observation) (quote event) (quote history)))

(acl2::assign acl2::get-internal-time-as-realtime acl2::t)
#-cmucl (acl2::gc-verbose t)
; instructions from .acl2 file internal-wires.acl2:
(in-package "ACL2")
(include-book "kestrel/crypto/r1cs/portcullis" :dir :system)


; Prevent reset-prehistory while loading .port files
(acl2::assign acl2::skip-reset-prehistory acl2::t)
; portculli for included books:
#!ACL2 (set-ld-error-action (quote :continue) state)

; certify-book command flags: ? t
#!ACL2 (er-progn (time$ (certify-book "internal-wires" ? t  ))
                                 (value (prog2$ #+hons (memsum)
                                                 #-hons nil
                                                 (exit 43))))
--- End temp lisp file ---

TARGET: lib/internal-wires
STEP: certify
Start of output:

This is SBCL 2.6.5-85913ede1, an implementation of ANSI Common Lisp.
More information about SBCL is available at <http://www.sbcl.org/>.

SBCL is free software, provided as is, with absolutely no warranty.
It is mostly in the public domain; some portions are provided under
BSD-style licenses.  See the CREDITS and COPYING files in the
distribution for more information.

 ++++++++++++++++++++++++++++++++++++++++++++++++++++++++++++++++++++++++
 + ACL2 Version 8.7                                                     +
 +   built May 30, 2026  23:13:46.                                      +
 + Copyright (C) 2026, Regents of the University of Texas.              +
 + ACL2 comes with ABSOLUTELY NO WARRANTY.  This is free software and   +
 + you are welcome to redistribute it under certain conditions.  For    +
 + details, see the LICENSE file distributed with ACL2.                 +
 ++++++++++++++++++++++++++++++++++++++++++++++++++++++++++++++++++++++++


 Experimental modification for parallel evaluation.  Please expect at
 most limited maintenance for this version
Resetting parallelism and futures variables.  This may take a few seconds (often either
 0 or 15).
Done resetting parallelism and futures variables.
Resetting parallelism and futures variables.  This may take a few seconds (often either
 0 or 15).
Done resetting parallelism and futures variables.

Project-dir-alist:
((:SYSTEM . "/opt/homebrew/Cellar/acl2/8.7_3/libexec/books/")).
Type :help for help.
Type (quit) to quit completely out of ACL2.

ACL2 !>
Exiting the ACL2 read-eval-print loop.  To re-enter, execute (LP).
* #<PACKAGE "ACL2">
* Resetting parallelism and futures variables.  This may take a few seconds (often either
 0 or 15).
Done resetting parallelism and futures variables.
Resetting parallelism and futures variables.  This may take a few seconds (often either
 0 or 15).
Done resetting parallelism and futures variables.

Project-dir-alist:
((:SYSTEM . "/opt/homebrew/Cellar/acl2/8.7_3/libexec/books/")).
Type :help for help.
Type (quit) to quit completely out of ACL2.

ACL2 !><state>
ACL2 !> "ACL2"
ACL2 !> (:EXIT 1)
ACL2 !> (PROVE PROOF-TREE
        WARNING OBSERVATION EVENT HISTORY)
ACL2 !> T
ACL2 !>GC-VERBOSE is not supported in this Common Lisp.
Contact the ACL2 developers if you would like to help add such support.
NIL
ACL2 !> "ACL2"
ACL2 !>
Summary
Form:  ( INCLUDE-BOOK "kestrel/crypto/r1cs/portcullis" ...)
Rules: NIL
Time:  0.04 seconds (prove: 0.00, print: 0.00, other: 0.04)
 "/opt/homebrew/Cellar/acl2/8.7_3/libexec/books/kestrel/crypto/r1cs/portcullis.lisp"
ACL2 !> T
ACL2 !> :CONTINUE
ACL2 !>
Summary
Form:  ( DEFUN INTERNAL-WIRE-RANGE-AUX ...)
Rules: NIL
Time:  0.00 seconds (prove: 0.00, print: 0.00, other: 0.00)
INTERNAL-WIRE-RANGE-AUX

Summary
Form:  ( DEFUN INTERNAL-WIRE-RANGE ...)
Rules: NIL
Time:  0.00 seconds (prove: 0.00, print: 0.00, other: 0.00)
INTERNAL-WIRE-RANGE



Summary
Form:  (CERTIFY-BOOK "internal-wires" ...)
Rules: NIL
Time:  0.01 seconds (prove: 0.00, print: 0.00, other: 0.01)
; (EV-REC *RETURN-LAST-ARG3* ...) took
; 0.01 seconds realtime, 0.01 seconds runtime
; (11,705,456 bytes allocated).
Exit code from ACL2 is 43
-rw-r--r--@ 1 antoinecyr  staff  2286 Jun  8 18:41 internal-wires.cert
