   Compiling h2 v0.4.17
   Compiling tower v0.5.2
   Compiling tokio-rustls v0.26.1
warning: commonware-macros-impl@2026.7.0: stability cfg not set; set RUSTFLAGS="--cfg commonware_stability_X" (ALPHA/BETA/GAMMA/DELTA/EPSILON) to enforce stability gating
   Compiling axum v0.7.9
   Compiling hyper v1.6.0
   Compiling tower v0.4.13
   Compiling hyper-util v0.1.17
   Compiling hyper-timeout v0.5.2
   Compiling tonic v0.12.3
   Compiling commonware-utils v2026.7.0 (/Users/antoinecyr/Documents/Source/shieldd/third_party/commonware/utils)
   Compiling cnidarium v0.83.0
   Compiling shieldd-sdk-proto v2.1.0 (/Users/antoinecyr/Documents/Source/shieldd/crates/proto)
   Compiling commonware-parallel v2026.7.0 (/Users/antoinecyr/Documents/Source/shieldd/third_party/commonware/parallel)
   Compiling commonware-math v2026.7.0 (/Users/antoinecyr/Documents/Source/shieldd/third_party/commonware/math)
   Compiling commonware-cryptography v2026.7.0 (/Users/antoinecyr/Documents/Source/shieldd/third_party/commonware/cryptography)
   Compiling shieldd-sdk-num v2.1.0 (/Users/antoinecyr/Documents/Source/shieldd/crates/core/num)
   Compiling shieldd-sdk-tct v2.1.0 (/Users/antoinecyr/Documents/Source/shieldd/crates/crypto/tct)
   Compiling shieldd-sdk-asset v2.1.0 (/Users/antoinecyr/Documents/Source/shieldd/crates/core/asset)
   Compiling shieldd-sdk-circuits v2.1.0 (/Users/antoinecyr/Documents/Source/shieldd/crates/crypto/circuits)
   Compiling cnidarium-component v2.1.0 (/Users/antoinecyr/Documents/Source/shieldd/crates/cnidarium-component)
   Compiling shieldd-sdk-keys v2.1.0 (/Users/antoinecyr/Documents/Source/shieldd/crates/core/keys)
   Compiling shieldd-sdk-txhash v2.1.0 (/Users/antoinecyr/Documents/Source/shieldd/crates/core/txhash)
   Compiling shieldd-sdk-sct v2.1.0 (/Users/antoinecyr/Documents/Source/shieldd/crates/core/component/sct)
   Compiling shieldd-sdk-compliance v2.1.0 (/Users/antoinecyr/Documents/Source/shieldd/crates/core/component/compliance)
   Compiling shieldd-sdk-proof-params v2.1.0 (/Users/antoinecyr/Documents/Source/shieldd/crates/crypto/proof-params)
   Compiling shieldd-sdk-fee v2.1.0 (/Users/antoinecyr/Documents/Source/shieldd/crates/core/component/fee)
   Compiling shieldd-sdk-shielded-pool v2.1.0 (/Users/antoinecyr/Documents/Source/shieldd/crates/core/component/shielded-pool)
   Compiling shieldd-sdk-transaction v2.1.0 (/Users/antoinecyr/Documents/Source/shieldd/crates/core/transaction)
   Compiling shieldd-sdk-disclosure v2.1.0 (/Users/antoinecyr/Documents/Source/shieldd/crates/disclosure)
   Compiling shieldd-sdk-compact-block v2.1.0 (/Users/antoinecyr/Documents/Source/shieldd/crates/core/component/compact-block)
   Compiling shieldd-sdk-app v2.1.0 (/Users/antoinecyr/Documents/Source/shieldd/crates/core/app)
   Compiling shieldd-sdk-view v2.1.0 (/Users/antoinecyr/Documents/Source/shieldd/crates/view)
   Compiling h2 v0.3.27 (/Users/antoinecyr/Documents/Source/shieldd/third_party/h2-0.3.27)
   Compiling axum v0.8.9
   Compiling hyper v0.14.29
   Compiling tokio-rustls v0.24.1
   Compiling hyper-rustls v0.24.2
   Compiling tonic v0.14.5
   Compiling shieldd-sdk-mock-client v2.1.0 (/Users/antoinecyr/Documents/Source/shieldd/crates/test/mock-client)
   Compiling reqwest v0.11.27
   Compiling shieldd-sdk-app-tests v2.1.0 (/Users/antoinecyr/Documents/Source/shieldd/crates/core/app-tests)
   Compiling tendermint-rpc v0.40.3
   Compiling hyper-rustls v0.27.5
   Compiling backoff v0.4.0
   Compiling cosmrs v0.22.0
   Compiling reqwest v0.12.9
   Compiling tokio-tungstenite v0.29.0
   Compiling tonic-prost v0.14.5
   Compiling proto v0.0.1 (https://github.com/sourcenetwork/orbis-rs?rev=0a0f935a85cc60e87561a9c7364fa80fdb3332df#0a0f935a)
   Compiling common v0.0.1 (https://github.com/sourcenetwork/orbis-rs?rev=0a0f935a85cc60e87561a9c7364fa80fdb3332df#0a0f935a)
   Compiling authn v0.0.1 (https://github.com/sourcenetwork/orbis-rs?rev=0a0f935a85cc60e87561a9c7364fa80fdb3332df#0a0f935a)
   Compiling redjubjub-frost v2.1.0 (/Users/antoinecyr/Documents/Source/shieldd/crates/crypto/redjubjub-frost)
   Compiling shieldd-sdk-custody v2.1.0 (/Users/antoinecyr/Documents/Source/shieldd/crates/custody)
   Compiling shieldd-orbis-client v2.1.0 (/Users/antoinecyr/Documents/Source/shieldd/crates/util/orbis-client)
   Compiling pcli v2.1.0 (/Users/antoinecyr/Documents/Source/shieldd/crates/bin/pcli)
    Finished `ci` profile [optimized] target(s) in 5m 22s
warning: the following packages contain code that will be rejected by a future version of Rust: document-features v0.2.8
note: to see what the problems were, use the option `--future-incompat-report`, or run `cargo report future-incompatibilities --id 1`
     Running unittests src/lib.rs (target/ci/deps/pcli-9516187d1d9975b5)

running 11 tests
test command::compliance::tests::parse_ibc_origin_requires_base_denom_and_route ... ok
test command::compliance::tests::parse_ibc_policy_args_reject_unregulated_assets ... ok
test command::compliance::tests::parse_ibc_route_rejects_chain_id_shape ... ok
test command::compliance::tests::parse_multiple_ibc_routes_defaults_transfer_ports ... ok
test command::compliance::tests::authorization_key_parsers_reject_identity ... ok
test command::disclosure::tests::export_modes_parse_and_conflict ... ok
test command::disclosure::tests::publication_is_atomic_and_never_overwrites ... ok
test command::disclosure::tests::prover_stdout_does_not_corrupt_worker_result ... ok
test config::tests::toml_config ... ok
test config::tests::unavailable_hardware_backend_is_rejected ... ok
test command::disclosure::tests::worker_cancellation_stops_a_ready_process_group ... ok

test result: ok. 11 passed; 0 failed; 0 ignored; 0 measured; 0 filtered out; finished in 0.23s

     Running unittests src/main.rs (target/ci/deps/pcli-914b7621f3b9cb04)

running 0 tests

test result: ok. 0 passed; 0 failed; 0 ignored; 0 measured; 0 filtered out; finished in 0.00s

     Running tests/cli_surface.rs (target/ci/deps/cli_surface-49f7a92fa7205090)

running 3 tests
test offline_compliance_commands_are_discoverable ... ok
test generates_a_matching_detection_keypair_without_a_wallet ... ok
test wallet_initialization_methods_are_discoverable ... ok

test result: ok. 3 passed; 0 failed; 0 ignored; 0 measured; 0 filtered out; finished in 0.34s

     Running unittests src/lib.rs (target/ci/deps/shieldd_sdk_app_tests-ac56e9855aa60e85)

running 0 tests

test result: ok. 0 passed; 0 failed; 0 ignored; 0 measured; 0 filtered out; finished in 0.00s

     Running tests/app_can_sweep_a_collection_of_small_notes.rs (target/ci/deps/app_can_sweep_a_collection_of_small_notes-de98d7a1b5bbabfb)

running 1 test
test app_can_sweep_a_collection_of_small_notes has been running for over 60 seconds
test app_can_sweep_a_collection_of_small_notes ... ok

test result: ok. 1 passed; 0 failed; 0 ignored; 0 measured; 0 filtered out; finished in 80.03s

     Running tests/app_can_transfer_notes_and_detect_new_notes.rs (target/ci/deps/app_can_transfer_notes_and_detect_new_notes-f23674a78221a5b0)

running 1 test
test app_can_transfer_notes_and_detect_new_notes has been running for over 60 seconds
test app_can_transfer_notes_and_detect_new_notes ... ok

test result: ok. 1 passed; 0 failed; 0 ignored; 0 measured; 0 filtered out; finished in 63.75s

     Running tests/compliance_diversifier_fix.rs (target/ci/deps/compliance_diversifier_fix-72565113ee1c33ba)

running 1 test
test compliance_enrichment_preserves_sender_diversifier_on_supported_transfer ... ok

test result: ok. 1 passed; 0 failed; 0 ignored; 0 measured; 0 filtered out; finished in 12.93s

     Running tests/disclosure.rs (target/ci/deps/disclosure-256998c778b8c0b4)

running 2 tests
test accepted_disclosure_opening ... ignored, builds an accepted payment and verifies its commitment opening without proving
test export_import_between_wallet_directories ... ignored, builds an accepted payment and generates a real local Pari disclosure

test result: ok. 0 passed; 0 failed; 2 ignored; 0 measured; 0 filtered out; finished in 0.00s

     Running tests/host_blocks.rs (target/ci/deps/host_blocks-c39b6485c2c12cc6)

running 1 test
test host_commits_empty_blocks_with_exact_supplied_height_and_time ... ok

test result: ok. 1 passed; 0 failed; 0 ignored; 0 measured; 0 filtered out; finished in 11.90s

     Running tests/local_wallet_planning.rs (target/ci/deps/local_wallet_planning-3e3a17786d8c381f)

running 2 tests
test wallet_catch_up_uses_each_blocks_timestamp ... ok
test local_wallet_plan_preserves_inputs_outputs_context_and_insufficient_balance ... ok

test result: ok. 2 passed; 0 failed; 0 ignored; 0 measured; 0 filtered out; finished in 11.95s

     Running tests/paid_wallet_withdrawal.rs (target/ci/deps/paid_wallet_withdrawal-64586eb333652a26)

running 1 test
test paid_withdrawal_splits_fee_note_then_resumes_and_executes has been running for over 60 seconds
test paid_withdrawal_splits_fee_note_then_resumes_and_executes ... ok

test result: ok. 1 passed; 0 failed; 0 ignored; 0 measured; 0 filtered out; finished in 135.95s

     Running tests/storage_query.rs (target/ci/deps/storage_query-c5e6c86c888843b3)

running 1 test
test host_storage_query_proves_committed_value_at_exact_root ... ok

test result: ok. 1 passed; 0 failed; 0 ignored; 0 measured; 0 filtered out; finished in 11.94s

     Running unittests src/lib.rs (target/ci/deps/shieldd_sdk_compliance-bd6c15b5f9e38e14)

running 193 tests
test audit::tests::alias_records_transmission_key_for_shieldd_address ... ok
test audit::tests::empty_store_exports_stable_scan_shape ... ok
test audit::tests::evidence_object_is_persisted_by_hash ... ok
test audit::tests::evidence_object_rejects_mismatched_persisted_ciphertext ... ok
test audit::tests::committed_detection_has_evidence_after_restart ... ok
test audit::tests::flagged_decrypt_requires_valid_evidence ... ok
test audit::tests::persisted_audit_failure_reasons_are_bounded ... ok
test audit::tests::malformed_candidate_commits_invalid_outcome_alongside_valid_output ... ok
test audit::tests::rollback_removes_evidence_objects_and_failures ... ok
test audit::tests::withdrawal_scanning_preserves_public_asset_and_completes_flagged_audit ... ok
test audit_log::tests::candidate_commitments_bind_canonical_ciphertext_projections ... ok
test audit_log::tests::log_chain_binds_order_and_every_record_byte ... ok
test audit_log::tests::note_seizure_effect_round_trips_and_binds_the_nullifier ... ok
test audit::tests::persistence_failure_rolls_back_results_evidence_and_cursor ... ok
test audit_log::tests::replay_rejects_missing_or_tampered_records ... ok
test audit_log::tests::status_effect_commits_freeze_provenance ... ok
test audit_records::tests::detected_ref_projection_preserves_fields_and_hex_encodes_tx_hash ... ok
test audit_records::tests::subject_filter_applies_asset_before_each_registered_address_selector ... ok
test audit_records::tests::subject_filter_marks_both_trial_roles_for_any_tag_hit ... ok
test audit_records::tests::subject_filter_rejects_wrong_asset_or_prefix ... ok
test audit_status::tests::audit_status_transition_table_is_explicit ... ok
test audit_status::tests::screen_status_transition_table_is_explicit ... ok
test audit_validation::tests::payload_tampering_is_rejected ... ok
test audit_validation::tests::valid_metadata_only_evidence_is_accepted ... ok
test audit_log::tests::state_persists_records_and_replays_the_authenticated_head ... ok
test component::query::tests::current_anchors_returns_both_mutable_roots ... ok
test component::state::tests::custom_genesis_is_preserved_when_no_genesis_is_supplied ... ok
test component::state::tests::asset_admission_rejects_audit_keys_shared_with_other_authorities ... ok
test component::state::tests::default_genesis_initializes_empty_compliance_trees ... ok
test component::state::tests::registration_for_unregulated_assets_leaves_no_user_or_event ... ok
test component::state::tests::regulated_asset_registration_requires_explicit_orbis_ring_key ... ok
test component::state::tests::registration_persists_distinct_address_scopes ... ok
test component::state::tests::test_asset_registration_rejects_expired_grant ... ok
test component::state::tests::test_asset_registration_rejects_forged_grant ... ok
test component::state::tests::test_asset_registration_rejects_unauthorized_registrar ... ok
test component::state::tests::test_msg_register_asset ... ok
test component::state::tests::test_msg_register_regulated_without_dk_pub_fails ... ok
test component::state::tests::test_msg_register_unregulated_asset_is_noop ... ok
test component::state::tests::test_msg_register_user_rejects_identity_rnk_dh ... ok
test component::state::tests::test_msg_register_user_for_regulated_asset ... ok
test crypto::tests::tier_round_trip_rejects_noncanonical_fields_padding_and_lengths ... ok
test decode_object::tests::transfer_metadata_has_one_canonical_fixed_encoding ... ok
test decode_object::tests::transfer_metadata_rejects_zero_timestamp_and_noncanonical_fields ... ok
test dleq_evidence::tests::bound_evidence_rejects_other_request_unbound_verifier_and_version ... ok
test dleq_evidence::tests::issuer_disclosure_uses_fresh_proof_and_pinned_chain_values ... ok
test dleq_evidence::tests::issuer_evidence_binds_asset_epk_and_shared_point ... ok
test event::tests::asset_registration_binds_identity_classification_and_policy ... ok
test event::tests::user_registration_rejects_mismatched_commitment ... ok
test event::tests::user_status_event_requires_legal_bound_transition ... ok
test evidence::tests::evidence_hash_commits_to_every_metadata_field ... ok
test component::state::tests::test_user_registration_rejects_missing_wrong_and_expired_grants ... ok
test evidence::tests::evidence_rejects_trailing_bytes_and_noncanonical_boolean ... ok
test evidence::tests::evidence_round_trip_preserves_payload_hash_and_metadata ... ok
test evidence::tests::withdrawal_evidence_hash_binds_public_amount_and_destination ... ok
test genesis::tests::genesis_rejects_identity_authorization_keys ... ok
test genesis::tests::regulated_genesis_asset_requires_complete_orbis_configuration ... ok
test genesis::tests::test_serde_roundtrip ... ok
test evidence::tests::withdrawal_evidence_round_trips_host_reference ... ok
test indexed_tree::tests::indexed_leaf_commitment_binds_each_policy_and_link_field ... ok
test indexed_tree::tests::empty_tree_proves_only_the_open_sentinel_interval ... ok
test indexed_tree::tests::indexed_leaf_proto_rejects_omitted_policy_facts_and_invalid_points ... ok
test indexed_tree::tests::insertion_returns_the_stored_leaf_and_updated_predecessor ... ok
test indexed_tree::tests::membership_and_gap_proofs_authenticate_at_supported_depths ... ok
test indexed_tree::tests::insertion_and_policy_update_preserve_all_invariants ... ok
test indexed_tree::tests::rejected_insertions_leave_the_tree_unchanged ... ok
test indexed_tree::tests::test_fq_max_is_field_modulus_minus_one ... ok
test indexed_tree::tests::test_fq_ord_key_numeric_order ... ok
test indexed_tree::tests::sparse_reconstruction_and_deserialization_reject_corruption ... ok
test indexed_tree::tests::test_imt_insert_multiple_maintains_order ... ok
test indexed_tree::tests::test_indexed_leaf_bincode_roundtrip ... ok
test indexed_tree::tests::test_indexed_leaf_proto_roundtrip ... ok
test indexed_tree::tests::test_leaf_from_policy ... ok
test indexed_tree::tests::test_route_policy_to_fq_order_independent ... ok
test indexed_tree::tests::tree_codecs_preserve_leaves_indexes_and_proofs ... ok
test indexed_tree::tests::well_formedness_rejects_count_and_position_corruption ... ok
test indexed_tree::tests::test_imt_predecessor_index_matches_linear_scan ... ok
test indexed_tree::tests::well_formedness_rejects_depth_and_capacity_corruption ... ok
test indexed_tree::tests::well_formedness_rejects_duplicate_values_and_noncanonical_sentinel ... ok
test indexed_tree::tests::well_formedness_rejects_derived_index_and_merkle_corruption ... ok
test issuer_keys::tests::detection_flag_is_boolean_and_canonical ... ok
test issuer_keys::tests::detection_flags_roundtrip_across_asset_bits ... ok
test issuer_keys::tests::high_bit_asset_alias_is_rejected ... ok
test issuer_keys::tests::test_dk_basic ... ok
test issuer_keys::tests::test_dk_per_asset_isolation ... ok
test issuer_keys::tests::test_wrong_dk_cannot_decrypt ... ok
test registry::tests::add_compliance_leaf_rejects_identity_capability_before_mutation ... ok
test indexed_tree::tests::well_formedness_rejects_incomplete_and_inconsistent_successor_chains ... ok
test registry::tests::add_compliance_leaf_rejects_zero_asset_before_mutation ... ok
test registry::tests::base_fee_asset_cannot_be_admitted_as_regulated ... ok
test registry::tests::compliance_anchor_facts_require_current_user_root ... ok
test registry::tests::asset_mutation_rejects_a_corrupted_touched_path ... ok
test registry::tests::current_roots_remain_valid_when_the_history_window_changes ... ok
test registry::tests::full_asset_structure_validation_is_confined_to_readiness ... ok
test registry::tests::freeze_and_unfreeze_replace_the_leaf_at_its_existing_position ... ok
test registry::tests::missing_committed_roots_are_not_reconstructed ... ok
test registry::tests::historical_anchors_are_retained_but_only_the_current_root_is_accepted ... ok
test registry::tests::note_seizure_is_terminal_but_allows_more_notes_from_the_same_freeze ... ok
test registry::tests::regulated_asset_identity_keys_fail_before_tree_mutation ... ok
test registry::tests::test_anchor_pruning_preserves_latest_lookup_for_reused_anchor ... ok
test registry::tests::stale_asset_anchor_is_rejected_immediately_after_policy_change ... ok
test registry::tests::test_anchor_pruning_removes_expired_entries ... ok
test registry::tests::test_asset_duplicate_prevention ... ok
test registry::tests::test_asset_imt_root_check_fails_on_missing_nv_leaves ... ok
test registry::tests::test_asset_imt_uses_nv_nodes_and_leaves_not_full_blob ... ok
test registry::tests::test_asset_proof_direct_read_membership_and_gap_parity ... ok
test registry::tests::test_get_asset_policy_cached_matches_uncached ... ok
test registry::tests::test_ibc_origin_lookup_rejects_duplicate_base_denom ... ok
test registry::tests::test_invalid_anchor_rejected ... ok
test registry::tests::test_record_and_validate_anchors ... ok
test registry::tests::test_register_regulated_asset ... ok
test registry::tests::test_replace_asset_ibc_policy_requires_expected_hash ... ok
test registry::tests::test_shortened_anchor_window_pruning_catches_up ... ok
test registry::tests::test_user_leaf_position_lookup ... ok
test registry::tests::test_user_leaf_roundtrip ... ok
test registry::tests::test_user_tree_full_returns_domain_error_without_mutation ... ok
test registry::tests::test_user_tree_root_check_fails_on_missing_nv_nodes ... ok
test registry::tests::test_user_tree_uses_nv_nodes_not_full_blob ... ok
test registry::tests::timestamp_freshness_enforces_the_thirty_minute_drift_limit ... ok
test registry::tests::user_leaf_record_matches_its_committed_tree_position ... ok
test registry::tests::user_root_change_invalidates_old_anchor_before_history_recording ... ok
test scanner::screener::tests::screener_detects_matching_asset ... ok
test scanner::screener::tests::screener_ignores_wrong_asset_or_key ... ok
test scanner::screener::tests::screener_reports_invalid_ciphertext ... ok
test scanner::storage::tests::sqlite_readers_see_committed_state_while_writer_is_active ... ok
test scanner::storage::tests::sqlite_store_bounds_invalid_ciphertext_reasons ... ok
test scanner::storage::tests::sqlite_store_caps_invalid_ciphertexts_per_block ... ok
test scanner::storage::tests::sqlite_store_commits_and_deduplicates_detections ... ok
test scanner::storage::tests::sqlite_store_commits_empty_block_advances_cursor ... ok
test scanner::storage::tests::sqlite_store_configures_wal_checkpoint_and_vacuum_policy ... ok
test scanner::storage::tests::sqlite_store_initializes_current_schema_and_rejects_wrong_identity ... ok
test scanner::storage::tests::sqlite_store_persists_raw_ciphertext_screening_status ... ok
test scanner::storage::tests::sqlite_store_records_runtime_started_heartbeat_and_error ... ok
test scanner::storage::tests::sqlite_store_rejects_illegal_screen_status_transition ... ok
test scanner::storage::tests::sqlite_store_rejects_unrecognized_db ... ok
test scanner::storage::tests::sqlite_store_rolls_back_later_scanner_state ... ok
test scanner::storage::tests::sqlite_store_status_constraints_reject_invalid_values ... ok
test scanner::sync::tests::extract_ciphertexts_includes_action_and_output_indices ... ok
test scanner::sync::tests::extract_ciphertexts_uses_typed_withdrawal_refs_and_public_facts ... ok
test scanner::sync::tests::extract_empty_transaction ... ok
test scanner::worker::tests::catch_up_rejects_skipped_empty_and_truncated_streams ... ok
test scanner::worker::tests::detected_metadata_builds_valid_persisted_evidence ... ok
test scanner::worker::tests::host_identity_retries_transient_failure_and_rejects_wrong_height ... ok
test scanner::worker::tests::reorg_decision_accepts_matching_parent ... ok
test scanner::worker::tests::reorg_decision_walks_back_to_common_ancestor ... ok
test scanner::worker::tests::worker_creation_uses_stored_height ... ok
test scanning::tests::core_key_confirmation_distinguishes_match_from_non_match ... ok
test scanning::tests::test_decrypt_full_flagged_rejects_unflagged_transfer ... ok
test scanning::tests::test_decrypt_full_flagged_transfer ... ok
test structs::tests::asset_policy_rejects_identity_crypto_keys ... ok
test structs::tests::asset_policy_rejects_identity_registration_authority_key ... ok
test structs::tests::asset_registration_grant_rejects_identity_registrar_key ... ok
test structs::tests::compliance_leaf_authenticates_freeze_generation_and_height ... ok
test structs::tests::compliance_leaf_rejects_incoherent_lifecycle ... ok
test structs::tests::diversified_dh_derivation_changes_with_every_scope_input ... ok
test structs::tests::effective_nullifier_key_is_scoped_only_for_regulated_assets ... ok
test structs::tests::general_audit_certificate_binds_chain_asset_policy_and_keys ... ok
test structs::tests::issued_capability_certificate_verifies_and_uses_fresh_nonces ... ok
test structs::tests::merkle_path_default_is_fixed_width_and_canonical ... ok
test structs::tests::merkle_path_proto_rejects_noncanonical_shape_and_fields ... ok
test structs::tests::orbis_capability_certificate_binds_the_complete_registration ... ok
test structs::tests::regulated_policy_rejects_issuer_or_ring_encryption_key_reuse ... ok
test structs::tests::regulated_policy_requires_complete_orbis_and_authority_configuration ... ok
test structs::tests::seized_is_a_terminal_user_asset_status ... ok
test structs::tests::synthetic_compliance_leaf_is_valid ... ok
test structs::tests::test_asset_policy_bytes_roundtrip ... ok
test structs::tests::test_asset_policy_from_bytes_rejects_missing_storage_fields ... ok
test structs::tests::test_asset_policy_proto_rejects_missing_required_fields ... ok
test structs::tests::test_asset_policy_proto_roundtrip ... ok
test structs::tests::test_asset_policy_to_bytes_rejects_overlong_route_field ... ok
test structs::tests::test_asset_policy_to_bytes_rejects_overlong_string ... ok
test structs::tests::test_compliance_leaf_different_addresses_different_commits ... ok
test structs::tests::test_compliance_leaf_proto_rejects_invalid_rnk_commitment ... ok
test structs::tests::test_compliance_leaf_proto_roundtrip ... ok
test structs::tests::test_default_unregulated_policy_uses_sink_keys ... ok
test structs::tests::user_registration_grant_rejects_identity_registration_authority ... ok
test tests::test_end_to_end_detection_and_decryption ... ok
test transfer::tests::transfer_ciphertext_rejects_noncanonical_field_words ... ok
test transfer::tests::transfer_ciphertext_roundtrip_preserves_key_confirmations ... ok
test transfer::tests::transfer_nonce_sampling_rejects_zero ... ok
test transfer_audit::tests::decrypt_original_transfer_tiers_with_selected_key ... ok
test transfer_audit::tests::rejects_invalid_counterparty_transmission_point ... ok
test tree::tests::authentication_paths_preserve_child_order_and_position_digits ... ok
test tree::tests::empty_leaf_path_authenticates_against_the_sparse_zero_root ... ok
test tree::tests::test_auth_path_invalid_position_returns_error ... ok
test tree::tests::test_quad_tree_basic ... ok
test tree::tests::test_serialization ... ok
test tree::tests::test_sparse_storage ... ok
test tree::tests::test_update_invalid_position_returns_error ... ok
test tree::tests::test_verify_auth_path ... ok
test tree::tests::test_zero_hashes_precomputed ... ok
test withdrawal::tests::withdrawal_ciphertext_rejects_noncanonical_fields_and_identity_epk ... ok
test withdrawal::tests::withdrawal_ciphertext_round_trips_and_classifies_wrong_keys ... ok
test registry::tests::test_direct_read_proofs_match_reconstructed_trees_random_trace ... ok

test result: ok. 193 passed; 0 failed; 0 ignored; 0 measured; 0 filtered out; finished in 1.71s

     Running tests/codec_boundaries.rs (target/ci/deps/codec_boundaries-cdb5ef13e51830cf)

running 3 tests
test compliance_paths_reject_extra_layers_and_high_positions ... ok
test suite_policy_round_trip ... ok
test asset_paths_reject_extra_layers_and_high_positions ... ok

test result: ok. 3 passed; 0 failed; 0 ignored; 0 measured; 0 filtered out; finished in 0.00s

     Running tests/pari_runtime.rs (target/ci/deps/pari_runtime-24ec2e3f80cdb837)

running 2 tests
test runtime_registry_rnk_and_merkle_roots_match_pari ... ok
test runtime_transfer_ciphertexts_satisfy_pari_for_both_routes_and_sink_keys ... ok

test result: ok. 2 passed; 0 failed; 0 ignored; 0 measured; 0 filtered out; finished in 0.12s

     Running unittests src/lib.rs (target/ci/deps/shieldd_sdk_disclosure-7e62cbbfac4dd3ca)

running 12 tests
test audit::tests::rejects_wrong_chain_height_version_and_missing_acceptance ... ok
test audit::tests::indexed_bytes_require_exact_canonical_accepted_transaction ... ok
test orbis::tests::binding_context_ciphertext_epoch_and_ephemeral_key_tampering_fail ... ok
test orbis::tests::delivery_keys_use_strict_bls_encoding ... ok
test orbis::tests::sealed_fields_decode_accepted_payloads ... ok
test proof::tests::one_note_package_rejects_evidence_family_and_request_substitution ... ignored, requires local Pari keys and actual proof generation
test proof::tests::one_note_runtime_statement_matches_one_note_relation ... ok
test issuer::tests::selected_issuer_fields_require_detection_and_both_dleq_proofs ... ok
test proof::tests::runtime_disclosure_proof_binds_context_and_key ... ignored, requires local Pari keys and actual proof generation
test proof::tests::runtime_disclosure_matches_native_relation_at_capacity_and_with_padding ... ok
test proof::tests::validated_request_count_selects_exact_disclosure_family ... ok
test proof::tests::runtime_disclosure_rejects_changed_fields_totals_and_context ... ok

test result: ok. 10 passed; 0 failed; 2 ignored; 0 measured; 0 filtered out; finished in 0.23s

     Running tests/claims.rs (target/ci/deps/claims-e0984c651dcfd647)

running 9 tests
test control_signatures_bind_fresh_requests ... ok
test missing_registry_is_unavailable ... ok
test full_openings_and_payload_exports ... ok
test real_machine_verification_outcomes ... ignored, requires local Pari keys and pcli; generates one real proof
test real_proofs ... ignored, requires local Pari keys and actual proof generation
test predicates_distinguish_false_and_unavailable ... ok
test selection_and_opening_integrity ... ok
test totals_can_span_transactions ... ok
test sum_overflow_is_rejected_without_limiting_independent_notes ... ok

test result: ok. 7 passed; 0 failed; 2 ignored; 0 measured; 0 filtered out; finished in 0.01s

     Running tests/handoff.rs (target/ci/deps/handoff-34dcca0a5fca09cb)

running 1 test
test canonical_handoff_vectors ... ok

test result: ok. 1 passed; 0 failed; 0 ignored; 0 measured; 0 filtered out; finished in 0.26s

     Running unittests src/lib.rs (target/ci/deps/shieldd_sdk_view-22193b1df56db0ff)

running 88 tests
test client_compliance::tests::completion_builds_note_reshape_from_provider_witnesses ... ok
test client_compliance::tests::completion_assigns_distinct_action_and_fee_nonces ... ok
test client_compliance::tests::transfer_compliance_nonce_allocator_rejects_cross_action_reuse ... ok
test client_compliance::tests::volume_completion_preserves_limits_recovery_and_disclosure ... ok
test client_compliance::tests::completion_rejects_two_real_volume_transitions_for_one_subject_day ... ok
test compliance_tree::tests::asset_tree_persist_writes_only_dirty_positions_and_reloads_root ... ok
test compliance_tree::tests::asset_tree_sync_preserves_policy ... ok
test compliance_tree::tests::fresh_asset_tree_persists_sentinel_before_advancing_leaf_count ... ok
test compliance_tree::tests::user_tree_insert_and_witness ... ok
test historical_proof_cache::tests::concurrent_provers_share_bounded_workers ... ignored, real native generation proofs with concurrent blocking callers
test historical_proof_cache::tests::history_runtime_witness_matches_native_generation_relation ... ok
test historical_proof_cache::tests::live_updates_retain_tail_until_chunk_closes ... ok
test historical_proof_cache::tests::partially_staged_chunk_resumes_without_refetch_or_premature_proof ... ok
test historical_proof_cache::tests::persisted_errors_are_bounded_at_utf8_boundaries ... ok
test historical_proof_cache::tests::backfill_proves_complete_chunks_before_final_tail ... ok
test historical_proof_cache::tests::runtime_history_closes_raw_chunk_after_failed_proof_and_restart ... ignored, requires local Pari keys and actual generation/chunk proof generation
test historical_proof_cache::tests::staged_metadata_paths_and_terminal_head_are_checked ... ok
test historical_proof_cache::tests::staged_witness_survives_restart_without_refetch_and_binds_registry ... ok
test note_manager::tests::base_asset_sweep_pays_nonzero_fee_from_self_transfer ... ok
test note_manager::tests::base_consolidation_rejects_nonbase_fee_asset ... ok
test note_manager::tests::base_consolidation_rejects_output_overflow ... ok
test note_manager::tests::base_fee_consolidation_keeps_excluded_primary_note_unspent ... ok
test note_manager::tests::base_fee_funding_prefers_sufficient_recent_note_over_larger_old_note ... ok
test note_manager::tests::base_self_funding_fragmented_intents_maintain_then_resume ... ok
test note_manager::tests::base_self_funding_rejects_value_without_fee_balance ... ok
test note_manager::tests::base_self_funding_transfer_uses_its_only_note ... ok
test note_manager::tests::base_transfer_ignores_unselected_wallet_total_overflow ... ok
test note_manager::tests::base_transfer_prefers_recent_primary_notes_over_larger_old_note ... ok
test note_manager::tests::base_withdrawal_isolates_fee_then_selects_exact_small_principal ... ok
test note_manager::tests::base_withdrawal_merge_preserves_existing_exact_fee_budget ... ok
test note_manager::tests::base_withdrawal_prefers_recent_exact_principal_over_old_duplicate ... ok
test historical_proof_cache::tests::proven_tail_resumes_backfill_without_refetching_or_reproving_generations ... ok
test note_manager::tests::base_withdrawal_prefers_recent_primary_with_disjoint_recent_fee ... ok
test note_manager::tests::base_withdrawal_preserves_old_primary_when_recent_notes_fund_its_fee ... ok
test note_manager::tests::base_withdrawal_requires_split_and_final_fee_budget ... ok
test note_manager::tests::exact_fee_generic_funding_builds_zero_value_fee_change ... ok
test note_manager::tests::fragmented_host_withdrawal_requests_note_reshape_then_resume_builds_action ... ok
test note_manager::tests::fragmented_transfer_requests_note_reshape_then_resume_builds_transfer ... ok
test note_manager::tests::historical_fee_funding_prices_complete_final_plan ... ok
test note_manager::tests::host_withdrawal_ready_produces_wallet_facing_action_only ... ok
test note_manager::tests::nonbase_transfer_maintenance_preserves_asset_and_funds_base_fee ... ok
test note_manager::tests::nonbase_withdrawal_maintenance_preserves_asset_and_funds_base_fee ... ok
test note_manager::tests::one_to_many_pads_requested_outputs_to_family_capacity ... ok
test note_manager::tests::many_to_one_uses_padded_canonical_family ... ok
test note_manager::tests::sweep_does_not_return_conflicting_fee_funded_plans ... ok
test note_manager::tests::transfer_ready_produces_wallet_facing_transfer_only ... ok
test note_manager::tests::zero_fee_compliance_register_user_plans_without_funding_transfer ... ok
test storage::compliance::tests::compliance_store_spot_check ... ok
test storage::compliance_projection_tests::compliance_block_failure_rolls_back_leaf_tree_and_anchor_writes ... ok
test storage::compliance_projection_tests::compliance_block_plan_exposes_same_block_policy_and_user_leaf ... ok
test storage::block_admission_tests::competing_wallet_blocks_admit_only_one_complete_candidate ... ok
test storage::compliance_projection_tests::wallet_block_failure_rolls_back_compliance_projection_and_sync_height ... ok
test storage::historical_worker_tests::empty_ready_history_does_not_rewrite_the_cache ... ok
test storage::historical_worker_tests::history_pass_yields_after_one_proof_and_resumes ... ignored, requires local Pari keys and actual history chunk/tail proofs
test storage::historical_worker_tests::completed_history_write_requires_expected_row_and_window ... ok
test storage::historical_worker_tests::mismatched_prefix_is_persistently_discarded_and_restarts_at_zero ... ok
test storage::historical_worker_tests::history_worker_old_window_must_not_poison_newer_staged_cache ... ok
test storage::historical_worker_tests::pending_history_cannot_block_sync_and_is_cancelled_on_drop ... ok
test storage::historical_worker_tests::pending_history_times_out_persistently_and_retries ... ok
test storage::historical_worker_tests::spent_note_during_fetch_cannot_recreate_cache ... ok
test storage::historical_worker_tests::stale_fetch_cannot_overwrite_changed_row_or_window ... ok
test storage::historical_worker_tests::wrong_registry_does_not_recover_or_mutate_updating_cache ... ok
test storage::issued_address_tests::fresh_storage_distinguishes_an_uninitialized_nullifier_window ... ok
test storage::issued_address_tests::historical_proof_cache_round_trips_and_deletes ... ok
test storage::issued_address_tests::history_pages_are_bounded_ordered_and_skip_spent_notes ... ok
test storage::issued_address_tests::issued_address_birth_height_is_write_once_and_address_can_cover_many_assets ... ok
test storage::issued_address_tests::restore_recovers_standard_and_randomized_issued_addresses ... ok
test storage::note_query_tests::active_cutoff_stops_at_sufficient_value_and_rejects_shortage ... ok
test storage::note_query_tests::exact_address_index_keeps_diversifiers_separate ... ok
test storage::note_query_tests::mixed_asset_query_ignores_amount_cutoff ... ok
test storage::note_query_tests::spent_note_query_ignores_amount_cutoff ... ok
test storage::note_storage_tests::note_advice_round_trip_preserves_recovery_commitment ... ok
test storage::registry::tests::failed_witness_does_not_bind_wallet ... ok
test storage::registry::tests::wrong_registry_does_not_rebind_or_poison_wallet ... ok
test storage::sct::test::hashes_have_one_value_per_position_height_across_deletion_and_rollback ... ok
test storage::sct::test::tree_survives_incremental_append_forget_and_reopen ... ok
test storage::volume_accumulator_tests::incomplete_recovery_heads_are_explicit ... ok
test storage::volume_accumulator_tests::multi_reservation_failure_is_atomic_and_stale_origins_reject ... ok
test storage::volume_accumulator_tests::reservation_is_exclusive_until_strict_expiry ... ok
test storage_planning::tests::regulated_query_still_requires_a_user_leaf ... ok
test storage_planning::tests::unregulated_query_with_populated_user_tree ... ok
test worker::compliance_projection_tests::asset_registration_projection_rejects_unbound_policy ... ok
test worker::compliance_projection_tests::empty_blocks_survive_worker_restart ... ok
test worker::compliance_projection_tests::empty_compliance_delta_reuses_the_published_snapshot ... ok
test worker::compliance_projection_tests::empty_compliance_delta_still_requires_exact_block_anchors ... ok
test worker::compliance_projection_tests::stale_worker_rejects_before_projecting_and_can_be_recreated ... ok
test worker::compliance_projection_tests::status_projection_authenticates_the_previous_leaf_and_event_order ... ok
test storage::historical_worker_tests::partially_staged_chunk_round_trips_durably ... ok

test result: ok. 85 passed; 0 failed; 3 ignored; 0 measured; 0 filtered out; finished in 13.21s

   Doc-tests pcli

running 0 tests

test result: ok. 0 passed; 0 failed; 0 ignored; 0 measured; 0 filtered out; finished in 0.00s

   Doc-tests shieldd_sdk_app_tests

running 0 tests

test result: ok. 0 passed; 0 failed; 0 ignored; 0 measured; 0 filtered out; finished in 0.00s

   Doc-tests shieldd_sdk_compliance

running 0 tests

test result: ok. 0 passed; 0 failed; 0 ignored; 0 measured; 0 filtered out; finished in 0.00s

   Doc-tests shieldd_sdk_disclosure

running 0 tests

test result: ok. 0 passed; 0 failed; 0 ignored; 0 measured; 0 filtered out; finished in 0.00s

   Doc-tests shieldd_sdk_view

running 0 tests

test result: ok. 0 passed; 0 failed; 0 ignored; 0 measured; 0 filtered out; finished in 0.00s
