warning: commonware-macros-impl@2026.7.0: stability cfg not set; set RUSTFLAGS="--cfg commonware_stability_X" (ALPHA/BETA/GAMMA/DELTA/EPSILON) to enforce stability gating
   Compiling shieldd-sdk-asset v2.1.0 (/Users/antoinecyr/Documents/Source/shieldd/crates/core/asset)
   Compiling shieldd-sdk-keys v2.1.0 (/Users/antoinecyr/Documents/Source/shieldd/crates/core/keys)
   Compiling shieldd-sdk-sct v2.1.0 (/Users/antoinecyr/Documents/Source/shieldd/crates/core/component/sct)
   Compiling shieldd-sdk-compliance v2.1.0 (/Users/antoinecyr/Documents/Source/shieldd/crates/core/component/compliance)
    Finished `ci` profile [optimized] target(s) in 24.37s
warning: the following packages contain code that will be rejected by a future version of Rust: document-features v0.2.8
note: to see what the problems were, use the option `--future-incompat-report`, or run `cargo report future-incompatibilities --id 1`
     Running unittests src/lib.rs (target/ci/deps/shieldd_sdk_compliance-e5687ddccace9236)

running 1 test
test issuer_keys::tests::test_dk_basic ... FAILED

failures:

---- issuer_keys::tests::test_dk_basic stdout ----

thread 'issuer_keys::tests::test_dk_basic' (39133323) panicked at crates/core/component/compliance/src/issuer_keys.rs:245:9:
assertion `left == right` failed
  left: "DetectionKey(0x0000000000000000000000000000000000000000000000000000000000015b38)"
 right: "DetectionKey([REDACTED])"
note: run with `RUST_BACKTRACE=1` environment variable to display a backtrace


failures:
    issuer_keys::tests::test_dk_basic

test result: FAILED. 0 passed; 1 failed; 0 ignored; 0 measured; 193 filtered out; finished in 0.00s

error: test failed, to rerun pass `-p shieldd-sdk-compliance --lib`
