   Compiling shieldd-owned-comparator377 v0.1.0 (/Users/antoinecyr/Documents/Source/shieldd/tools/proving-experiment/candidates/owned-comparator377)
warning: unused import: `G2Projective`
 --> src/../../prepared-key-pari377/src/protocol.rs:7:70
  |
7 | use ark_bls12_377::{Bls12_377, Fr, G1Affine, G1Projective, G2Affine, G2Projective};
  |                                                                      ^^^^^^^^^^^^
  |
  = note: `#[warn(unused_imports)]` on by default

warning: unused import: `Fr`
 --> src/equivalence.rs:5:21
  |
5 | use ark_bls12_377::{Fr,G1Projective};
  |                     ^^

warning: unused import: `G2Projective`
 --> src/protocol.rs:7:70
  |
7 | use ark_bls12_377::{Bls12_377, Fr, G1Affine, G1Projective, G2Affine, G2Projective};
  |                                                                      ^^^^^^^^^^^^

warning: unused import: `Field`
 --> src/subgroup.rs:5:28
  |
5 | use ark_ff::{AdditiveGroup,Field,MontFp,Zero};
  |                            ^^^^^

warning: unused import: `AdditiveGroup`
  --> src/main.rs:14:14
   |
14 | use ark_ff::{AdditiveGroup, Field};
   |              ^^^^^^^^^^^^^

warning: unused import: `Zero`
 --> src/subgroup.rs:5:41
  |
5 | use ark_ff::{AdditiveGroup,Field,MontFp,Zero};
  |                                         ^^^^

warning: function `nonzero` is never used
   --> src/../../prepared-key-pari377/src/protocol.rs:150:4
    |
150 | fn nonzero(rng: &mut impl RngCore) -> Fr {
    |    ^^^^^^^
    |
    = note: `#[warn(dead_code)]` on by default

warning: function `setup` is never used
   --> src/../../prepared-key-pari377/src/protocol.rs:159:8
    |
159 | pub fn setup(
    |        ^^^^^

warning: methods `proving_key` and `prove` are never used
   --> src/../../prepared-key-pari377/src/protocol.rs:287:12
    |
246 | impl PreparedProver {
    | ------------------- methods in this implementation
...
287 |     pub fn proving_key(&self) -> &ProvingKey {
    |            ^^^^^^^^^^^
...
290 |     pub fn prove(
    |            ^^^^^

warning: function `verify_other_domain` is never used
   --> src/../../prepared-key-pari377/src/protocol.rs:427:8
    |
427 | pub fn verify_other_domain(
    |        ^^^^^^^^^^^^^^^^^^^

warning: struct `Circuit` is never constructed
   --> src/bridge.rs:171:12
    |
171 | pub struct Circuit {
    |            ^^^^^^^

warning: function `validate_converted` is never used
   --> src/bridge.rs:240:8
    |
240 | pub fn validate_converted(circuit: Circuit) -> Result<usize> {
    |        ^^^^^^^^^^^^^^^^^^

warning: methods `descriptor` and `quotient_oracle` are never used
   --> src/domain.rs:53:12
    |
43  | impl Domain {
    | ----------- methods in this implementation
...
53  |     pub fn descriptor(&self) -> Descriptor {
    |            ^^^^^^^^^^
...
245 |     pub fn quotient_oracle(&self, a: &[Fr], b: &[Fr]) -> Result<Vec<Fr>> {
    |            ^^^^^^^^^^^^^^^

warning: method `body_rows` is never used
   --> src/lowering.rs:139:12
    |
68  | impl Lowered {
    | ------------ method in this implementation
...
139 |     pub fn body_rows(&self) -> usize {
    |            ^^^^^^^^^

warning: method `name` is never used
   --> src/protocol.rs:247:19
    |
244 | impl Query {
    | ---------- method in this implementation
...
247 |     pub(crate) fn name(self)->&'static str {match self {Self::Witness=>"witness",Self::Masks=>"masks",Self::Quotient=>"quotient",Self::Op...
    |                   ^^^^

warning: method `proving_key` is never used
   --> src/protocol.rs:354:12
    |
273 | impl PreparedProver {
    | ------------------- method in this implementation
...
354 |     pub fn proving_key(&self) -> &ProvingKey {
    |            ^^^^^^^^^^^

warning: constant `SCHEMA` is never used
  --> src/worker.rs:18:7
   |
18 | const SCHEMA: &str = "shieldd.proving_experiment.worker.v1";
   |       ^^^^^^

warning: `shieldd-owned-comparator377` (bin "shieldd-owned-comparator377") generated 17 warnings (run `cargo fix --bin "shieldd-owned-comparator377"` to apply 5 suggestions)
    Finished `release` profile [optimized] target(s) in 11.45s
     Running `tools/proving-experiment/target/release/shieldd-owned-comparator377 setup tools/proving-experiment/cache/comparator377-compile tools/proving-experiment/cache/b-comparator377-reference/lowered.vk tools/proving-experiment/cache/b-comparator377-keys`
