zero_scalars/0: exact prepared/fresh/CPU result
zero_scalars/1: exact prepared/fresh/CPU result
zero_scalars/2: exact prepared/fresh/CPU result
zero_scalars/3: exact prepared/fresh/CPU result
duplicates/0: exact prepared/fresh/CPU result
duplicates/1: exact prepared/fresh/CPU result
duplicates/2: exact prepared/fresh/CPU result
duplicates/3: exact prepared/fresh/CPU result
inverse_cancellation/0: exact prepared/fresh/CPU result
inverse_cancellation/1: exact prepared/fresh/CPU result
inverse_cancellation/2: exact prepared/fresh/CPU result
inverse_cancellation/3: exact prepared/fresh/CPU result
identity_points/0: exact prepared/fresh/CPU result
identity_points/1: exact prepared/fresh/CPU result
identity_points/2: exact prepared/fresh/CPU result
identity_points/3: exact prepared/fresh/CPU result
scalar_boundaries/0: exact prepared/fresh/CPU result
scalar_boundaries/1: exact prepared/fresh/CPU result
scalar_boundaries/2: exact prepared/fresh/CPU result
scalar_boundaries/3: exact prepared/fresh/CPU result
odd_count/0: exact prepared/fresh/CPU result
odd_count/1: exact prepared/fresh/CPU result
odd_count/2: exact prepared/fresh/CPU result
odd_count/3: exact prepared/fresh/CPU result
identities_only/0: exact prepared/fresh/CPU result
identities_only/1: exact prepared/fresh/CPU result
identities_only/2: exact prepared/fresh/CPU result
identities_only/3: exact prepared/fresh/CPU result
empty/0: exact prepared/fresh/CPU result
empty/1: exact prepared/fresh/CPU result
empty/2: exact prepared/fresh/CPU result
empty/3: exact prepared/fresh/CPU result
