    Checking futures-sink v0.3.34
    Checking futures-core v0.3.34
    Checking cfg-if v1.0.4
    Checking futures-channel v0.3.34
   Compiling wasm-bindgen-shared v0.2.128
    Checking memchr v2.8.3
    Checking slab v0.4.12
    Checking pin-project-lite v0.2.17
    Checking futures-io v0.3.34
    Checking futures-task v0.3.34
    Checking unicode-ident v1.0.24
    Checking futures-util v0.3.34
   Compiling wasm-bindgen v0.2.128
    Checking once_cell v1.21.4
   Compiling radium v0.7.0
    Checking js-sys v0.3.105
    Checking tap v1.0.1
    Checking rand_core v0.6.4
    Checking typenum v1.20.1
    Checking wyz v0.5.1
   Compiling crossbeam-utils v0.8.23
    Checking funty v2.0.0
    Checking bitvec v1.1.1
   Compiling generic-array v0.14.7
    Checking scopeguard v1.2.0
    Checking subtle v2.6.1
    Checking ff v0.13.1
    Checking lock_api v0.4.14
   Compiling serde_core v1.0.229
   Compiling crossbeam-epoch v0.9.21
    Checking rand v0.8.8
    Checking rand_xorshift v0.3.0
   Compiling serde v1.0.229
   Compiling crossbeam-deque v0.8.8
    Checking group v0.13.0
    Checking block-buffer v0.10.4
    Checking crypto-common v0.1.7
   Compiling thiserror v1.0.69
    Checking getrandom v0.2.17
   Compiling rayon-core v1.13.0
   Compiling libc v0.2.189
    Checking log v0.4.34
    Checking arrayvec v0.7.8
   Compiling parking_lot_core v0.9.12
    Checking nanorand v0.7.0
    Checking digest v0.10.7
    Checking spin v0.9.9
    Checking generic-array v1.4.5
    Checking zeroize v1.9.0
   Compiling nam-blst v0.3.15-nam.0
    Checking execute-command-macro v0.1.11
    Checking execute-command-tokens v0.1.9
    Checking constant_time_eq v0.4.2
    Checking smallvec v1.16.1
    Checking either v1.18.0
    Checking rayon v1.12.0
    Checking blake2s_simd v1.0.5
    Checking execute v0.2.15
    Checking bytemuck v1.25.2
    Checking flume v0.11.1
    Checking sha2 v0.10.9
    Checking num_cpus v1.17.0
    Checking web-sys v0.3.105
    Checking pairing v0.23.0
   Compiling nam-ec-gpu-gen v0.7.2-nam.0
    Checking hex v0.4.3
    Checking ec-gpu v0.2.0
    Checking bitflags v2.13.2
    Checking byteorder v1.5.0
    Checking byte-slice-cast v1.2.3
    Checking foldhash v0.2.0
    Checking hashbrown v0.16.1
   Compiling anyhow v1.0.104
    Checking nam-blstrs v0.7.1-nam.0
    Checking bellpepper-core v0.2.1
   Compiling nam-bellperson v0.26.6-nam.1
   Compiling wgpu v28.0.0
    Checking parking_lot v0.12.5
    Checking wasm-bindgen-futures v0.4.78
    Checking bincode v1.3.3
    Checking crossbeam-channel v0.5.17
    Checking futures-executor v0.3.34
    Checking raw-window-handle v0.6.2
    Checking profiling v1.0.18
    Checking static_assertions v1.1.0
    Checking futures v0.3.34
    Checking wgpu-types v28.0.0
    Checking webgpu-groth16 v0.2.0 (/Users/antoinecyr/Documents/Source/shieldd/tools/proving-experiment/cache/webgpu-prepared381)
    Finished `release` profile [optimized] target(s) in 13.11s
