warning: commonware-macros-impl@2026.7.0: stability cfg not set; set RUSTFLAGS="--cfg commonware_stability_X" (ALPHA/BETA/GAMMA/DELTA/EPSILON) to enforce stability gating
   Compiling shieldd-sdk-circuits v2.1.0 (/Users/antoinecyr/Documents/Source/shieldd/crates/crypto/circuits)
    Finished `ci` profile [optimized] target(s) in 0.59s
warning: the following packages contain code that will be rejected by a future version of Rust: document-features v0.2.8
note: to see what the problems were, use the option `--future-incompat-report`, or run `cargo report future-incompatibilities --id 1`
     Running `target/ci/examples/gadget_shapes`
EXPERIMENT_METRICS rows=19396 columns=19446 squared_nnz=391246 linear_nnz=24240 domain=32768
hash_binary domain=32768 compile_s=0.4292 relation=88cbd11f2268c01245f40c517496a4b62ccf0c565bc7266fb8c83dc9b10c652d
EXPERIMENT_METRICS rows=9892 columns=9966 squared_nnz=196918 linear_nnz=12360 domain=16384
hash_quaternary domain=16384 compile_s=0.2138 relation=0caeef004ec8c2b7712bbba52f1e753b19cf33d7904a8cefef592815553e16dc
EXPERIMENT_METRICS rows=13316 columns=13430 squared_nnz=264814 linear_nnz=16640 domain=16384
hash_octary domain=16384 compile_s=0.2814 relation=1c1e2dcd62ff4e15aad4dda04d1943c5900afab246a97a5b39a23f60354e5181
EXPERIMENT_METRICS rows=840 columns=849 squared_nnz=16573 linear_nnz=1045 domain=1024
note_current domain=1024 compile_s=0.0165 relation=4bf216ed3fd2d30e6bf46163cae70f3da2a05b2bb7b117e1f0bdf912019a89d9
EXPERIMENT_METRICS rows=832 columns=841 squared_nnz=16435 linear_nnz=1035 domain=1024
note_address_digest domain=1024 compile_s=0.0164 relation=d790777f81482852b308b73bd238882202b68e627ee126f5f5dd89fba0aedf24
EXPERIMENT_METRICS rows=7528 columns=7593 squared_nnz=149173 linear_nnz=9405 domain=8192
notes8_current domain=8192 compile_s=0.1561 relation=23a5a36d9e5b1930c54c3af8c63b39afc5a2d09eca44f4b8677caa9cda22d2ec
EXPERIMENT_METRICS rows=4580 columns=4617 squared_nnz=90739 linear_nnz=5720 domain=8192
notes8_shared1 domain=8192 compile_s=0.0943 relation=15853585a34b0b2c7c8f46778baa69ea558bb499a4c6e6e44f0b018e8770ce87
EXPERIMENT_METRICS rows=4992 columns=5033 squared_nnz=98929 linear_nnz=6235 domain=8192
notes8_shared2 domain=8192 compile_s=0.1040 relation=44570d731363b8f24b8897f7c4096ff53b6d76b500bc2d74044a8a994c0e3173
EXPERIMENT_METRICS rows=7464 columns=7529 squared_nnz=148069 linear_nnz=9325 domain=8192
notes8_shared8 domain=8192 compile_s=0.1588 relation=32ceb3d3d7d93418e6992a2c32f9a8bca9ec231bdbb0f54288553249a8824b66
EXPERIMENT_METRICS rows=4424 columns=4418 squared_nnz=37804 linear_nnz=5775 domain=8192
address_packed domain=8192 compile_s=0.0296 relation=96db9a02b37d66861e5e62412b3db6ce009b619f002efc52cc75cdf6a21141c2
EXPERIMENT_METRICS rows=1680 columns=1686 squared_nnz=34087 linear_nnz=2095 domain=2048
address_affine domain=2048 compile_s=0.0193 relation=b0bb022734d07caed3d504fcd97a7aba58a794dd9b17937e6b97bc9b393245f0
EXPERIMENT_METRICS rows=10010 columns=10014 squared_nnz=56784 linear_nnz=12629 domain=16384
amount_core_one domain=16384 compile_s=0.0378 relation=74a7a5d857739369d48c8e61087eb58d77c80090164be0a808c9cea847b581d9
EXPERIMENT_METRICS rows=20036 columns=20040 squared_nnz=113783 linear_nnz=25283 domain=32768
amount_core_two domain=32768 compile_s=0.0747 relation=539de5646d127a1f56efa5eafce7da2297768285cb534032667ee533c0c059b8
