$ cargo test -p shieldd-sdk-circuits --profile ci fixed_windows_match_variable_and_independent_group_boundaries -- --test-threads=2
warning: commonware-macros-impl@2026.7.0: stability cfg not set; set RUSTFLAGS="--cfg commonware_stability_X" (ALPHA/BETA/GAMMA/DELTA/EPSILON) to enforce stability gating
   Compiling shieldd-sdk-circuits v2.1.0 (/Users/antoinecyr/Documents/Source/shieldd/crates/crypto/circuits)
    Finished `ci` profile [optimized] target(s) in 19.28s
warning: the following packages contain code that will be rejected by a future version of Rust: document-features v0.2.8
note: to see what the problems were, use the option `--future-incompat-report`, or run `cargo report future-incompatibilities --id 1`
     Running unittests src/lib.rs (target/ci/deps/shieldd_sdk_circuits-a2137c0189338891)

running 1 test
test group::tests::fixed_windows_match_variable_and_independent_group_boundaries ... ok

test result: ok. 1 passed; 0 failed; 0 ignored; 0 measured; 54 filtered out; finished in 0.05s

     Running tests/pari.rs (target/ci/deps/pari-ad6925e579f9541c)

running 0 tests

test result: ok. 0 passed; 0 failed; 0 ignored; 0 measured; 1 filtered out; finished in 0.00s

EXIT 0 ELAPSED_SECONDS 19.650
$ cargo run -p shieldd-sdk-circuits --profile ci --example catalogue_shapes
warning: commonware-macros-impl@2026.7.0: stability cfg not set; set RUSTFLAGS="--cfg commonware_stability_X" (ALPHA/BETA/GAMMA/DELTA/EPSILON) to enforce stability gating
   Compiling shieldd-sdk-circuits v2.1.0 (/Users/antoinecyr/Documents/Source/shieldd/crates/crypto/circuits)
    Finished `ci` profile [optimized] target(s) in 0.35s
warning: the following packages contain code that will be rejected by a future version of Rust: document-features v0.2.8
note: to see what the problems were, use the option `--future-incompat-report`, or run `cargo report future-incompatibilities --id 1`
     Running `target/ci/examples/catalogue_shapes`
EXPERIMENT_METRICS rows=207554 columns=207506 squared_nnz=2218693 linear_nnz=263530 domain=262144
transfer domain=262144 public=1 blocks=[1] relation=bb8c2c69b532192fa9187c93e590811d6bed7e74caf0896eff93306218c25f3e
EXPERIMENT_METRICS rows=152849 columns=152787 squared_nnz=1587443 linear_nnz=193731 domain=262144
reshape1x8 domain=262144 public=1 blocks=[1] relation=de88f530600bbd5f718807e7c7b05b9ce6b1cc072c827be02d9aff807f9a0ddb
EXPERIMENT_METRICS rows=181725 columns=182108 squared_nnz=2705556 linear_nnz=231712 domain=262144
reshape8x1 domain=262144 public=1 blocks=[1] relation=ed966e89084e98e688d73a96cf906c84c906b3c3e65fd43d8c646debeb34e8d3
EXPERIMENT_METRICS rows=116990 columns=117043 squared_nnz=1558128 linear_nnz=149081 domain=131072
withdrawal domain=131072 public=1 blocks=[1] relation=a26fbf896b52dac6d013376f9942a2faad78564f06f88308c351592a87b2a861
EXPERIMENT_METRICS rows=16604 columns=16686 squared_nnz=311780 linear_nnz=20845 domain=32768
seizure domain=32768 public=1 blocks=[1] relation=116a1686021dd3f2fdcb8e15f902ffe97bdf5d41e7e2a63ab99921f294bcebc2
EXPERIMENT_METRICS rows=159226 columns=158090 squared_nnz=1714147 linear_nnz=210236 domain=262144
disclosure domain=262144 public=1 blocks=[1] relation=b0e23009857e9c1d42f1778204336bba83163a96132d4f832978fd08811c9cf6
EXPERIMENT_METRICS rows=15123 columns=15166 squared_nnz=216294 linear_nnz=19664 domain=16384
history_generation domain=16384 public=1 blocks=[1] relation=75080fcbc99effe7079a901ccc24d99ef208fbf6acf00c3771e67ef8dad2b710
EXPERIMENT_METRICS rows=143357 columns=143740 squared_nnz=2005662 linear_nnz=186774 domain=262144
history_chunk10 domain=262144 public=1 blocks=[1] relation=f45eb011a7319e0b9691f4485387e8e97d41bf7254d5c177daf106330290e4b1
EXIT 0 ELAPSED_SECONDS 12.961
