   Compiling heapless v0.7.17
   Compiling tower v0.5.2
   Compiling curve25519-dalek-ng v4.1.1
   Compiling postcard v1.0.8
   Compiling ed25519-consensus v2.1.0
   Compiling frost-core v3.0.0
   Compiling tendermint v0.40.3
   Compiling frost-rerandomized v3.0.0
warning: commonware-macros-impl@2026.7.0: stability cfg not set; set RUSTFLAGS="--cfg commonware_stability_X" (ALPHA/BETA/GAMMA/DELTA/EPSILON) to enforce stability gating
   Compiling reddsa v0.5.2
   Compiling shieldd-sdk-crypto v2.1.0 (/Users/antoinecyr/Documents/Source/shieldd/crates/crypto/primitives)
   Compiling axum v0.7.9
   Compiling tonic v0.12.3
   Compiling dashmap v6.2.1
   Compiling commonware-utils v2026.7.0 (/Users/antoinecyr/Documents/Source/shieldd/third_party/commonware/utils)
   Compiling shieldd-sdk-proto v2.1.0 (/Users/antoinecyr/Documents/Source/shieldd/crates/proto)
   Compiling commonware-parallel v2026.7.0 (/Users/antoinecyr/Documents/Source/shieldd/third_party/commonware/parallel)
   Compiling tinystr v0.8.3
   Compiling icu_locale_core v2.2.0
   Compiling commonware-math v2026.7.0 (/Users/antoinecyr/Documents/Source/shieldd/third_party/commonware/math)
   Compiling zerotrie v0.2.4
   Compiling icu_collections v2.2.0
   Compiling commonware-cryptography v2026.7.0 (/Users/antoinecyr/Documents/Source/shieldd/third_party/commonware/cryptography)
   Compiling icu_provider v2.2.0
   Compiling shieldd-sdk-num v2.1.0 (/Users/antoinecyr/Documents/Source/shieldd/crates/core/num)
   Compiling shieldd-sdk-tct v2.1.0 (/Users/antoinecyr/Documents/Source/shieldd/crates/crypto/tct)
   Compiling shieldd-sdk-asset v2.1.0 (/Users/antoinecyr/Documents/Source/shieldd/crates/core/asset)
   Compiling shieldd-sdk-circuits v2.1.0 (/Users/antoinecyr/Documents/Source/shieldd/crates/crypto/circuits)
   Compiling icu_properties v2.2.0
   Compiling icu_normalizer v2.2.0
   Compiling shieldd-sdk-keys v2.1.0 (/Users/antoinecyr/Documents/Source/shieldd/crates/core/keys)
   Compiling idna_adapter v1.2.2
   Compiling shieldd-sdk-txhash v2.1.0 (/Users/antoinecyr/Documents/Source/shieldd/crates/core/txhash)
   Compiling shieldd-sdk-sct v2.1.0 (/Users/antoinecyr/Documents/Source/shieldd/crates/core/component/sct)
   Compiling idna v1.1.0
   Compiling shieldd-sdk-proof-params v2.1.0 (/Users/antoinecyr/Documents/Source/shieldd/crates/crypto/proof-params)
   Compiling rustls v0.23.45
   Compiling url v2.5.4
   Compiling shieldd-sdk-compliance v2.1.0 (/Users/antoinecyr/Documents/Source/shieldd/crates/core/component/compliance)
   Compiling h2 v0.3.27 (/Users/antoinecyr/Documents/Source/shieldd/third_party/h2-0.3.27)
   Compiling axum v0.8.9
   Compiling hyper v0.14.29
   Compiling shieldd-sdk-shielded-pool v2.1.0 (/Users/antoinecyr/Documents/Source/shieldd/crates/core/component/shielded-pool)
   Compiling shieldd-sdk-fee v2.1.0 (/Users/antoinecyr/Documents/Source/shieldd/crates/core/component/fee)
   Compiling tokio-rustls v0.24.1
   Compiling crunchy v0.2.2
   Compiling hyper-rustls v0.24.2
   Compiling tonic v0.14.5
   Compiling tokio-rustls v0.26.1
   Compiling curve25519-dalek v3.2.0
   Compiling reqwest v0.11.27
   Compiling tendermint-config v0.40.3
   Compiling libsecp256k1-core v0.3.0
   Compiling shieldd-sdk-transaction v2.1.0 (/Users/antoinecyr/Documents/Source/shieldd/crates/core/transaction)
   Compiling tungstenite v0.29.0
   Compiling bls12_381_plus v0.7.0
   Compiling ed25519-dalek v1.0.1
   Compiling tendermint-rpc v0.40.3
   Compiling libsecp256k1 v0.7.2
   Compiling x25519-dalek v1.1.1
   Compiling hyper-rustls v0.27.5
   Compiling rusqlite v0.32.1
   Compiling did-key v0.2.1
   Compiling backoff v0.4.0
   Compiling cosmrs v0.22.0
   Compiling reqwest v0.12.9
   Compiling tokio-tungstenite v0.29.0
   Compiling tonic-prost v0.14.5
   Compiling shieldd-sdk-disclosure v2.1.0 (/Users/antoinecyr/Documents/Source/shieldd/crates/disclosure)
   Compiling shieldd-sdk-compact-block v2.1.0 (/Users/antoinecyr/Documents/Source/shieldd/crates/core/component/compact-block)
   Compiling shieldd-sdk-app v2.1.0 (/Users/antoinecyr/Documents/Source/shieldd/crates/core/app)
   Compiling proto v0.0.1 (https://github.com/sourcenetwork/orbis-rs?rev=0a0f935a85cc60e87561a9c7364fa80fdb3332df#0a0f935a)
   Compiling common v0.0.1 (https://github.com/sourcenetwork/orbis-rs?rev=0a0f935a85cc60e87561a9c7364fa80fdb3332df#0a0f935a)
   Compiling authn v0.0.1 (https://github.com/sourcenetwork/orbis-rs?rev=0a0f935a85cc60e87561a9c7364fa80fdb3332df#0a0f935a)
   Compiling r2d2_sqlite v0.25.0
   Compiling redjubjub-frost v2.1.0 (/Users/antoinecyr/Documents/Source/shieldd/crates/crypto/redjubjub-frost)
   Compiling shieldd-sdk-view v2.1.0 (/Users/antoinecyr/Documents/Source/shieldd/crates/view)
   Compiling shieldd-sdk-custody v2.1.0 (/Users/antoinecyr/Documents/Source/shieldd/crates/custody)
   Compiling shieldd-orbis-client v2.1.0 (/Users/antoinecyr/Documents/Source/shieldd/crates/util/orbis-client)
   Compiling pcli v2.1.0 (/Users/antoinecyr/Documents/Source/shieldd/crates/bin/pcli)
    Finished `ci` profile [optimized] target(s) in 2m 25s
warning: the following packages contain code that will be rejected by a future version of Rust: document-features v0.2.8
note: to see what the problems were, use the option `--future-incompat-report`, or run `cargo report future-incompatibilities --id 1`
