warning: commonware-macros-impl@2026.7.0: stability cfg not set; set RUSTFLAGS="--cfg commonware_stability_X" (ALPHA/BETA/GAMMA/DELTA/EPSILON) to enforce stability gating
    Checking commonware-cryptography v2026.7.0 (/Users/antoinecyr/Documents/Source/shieldd/third_party/commonware/cryptography)
    Checking shieldd-sdk-circuits v2.1.0 (/Users/antoinecyr/Documents/Source/shieldd/crates/crypto/circuits)
    Checking shieldd-sdk-sct v2.1.0 (/Users/antoinecyr/Documents/Source/shieldd/crates/core/component/sct)
    Checking shieldd-sdk-proof-params v2.1.0 (/Users/antoinecyr/Documents/Source/shieldd/crates/crypto/proof-params)
    Checking shieldd-sdk-fee v2.1.0 (/Users/antoinecyr/Documents/Source/shieldd/crates/core/component/fee)
    Checking shieldd-sdk-tct v2.1.0 (/Users/antoinecyr/Documents/Source/shieldd/crates/crypto/tct)
    Checking shieldd-sdk-compliance v2.1.0 (/Users/antoinecyr/Documents/Source/shieldd/crates/core/component/compliance)
    Checking shieldd-sdk-asset v2.1.0 (/Users/antoinecyr/Documents/Source/shieldd/crates/core/asset)
    Checking shieldd-sdk-shielded-pool v2.1.0 (/Users/antoinecyr/Documents/Source/shieldd/crates/core/component/shielded-pool)
    Checking shieldd-sdk-transaction v2.1.0 (/Users/antoinecyr/Documents/Source/shieldd/crates/core/transaction)
    Checking shieldd-sdk-disclosure v2.1.0 (/Users/antoinecyr/Documents/Source/shieldd/crates/disclosure)
    Checking shieldd-sdk-compact-block v2.1.0 (/Users/antoinecyr/Documents/Source/shieldd/crates/core/component/compact-block)
    Checking shieldd-sdk-app v2.1.0 (/Users/antoinecyr/Documents/Source/shieldd/crates/core/app)
    Checking shieldd-sdk-custody v2.1.0 (/Users/antoinecyr/Documents/Source/shieldd/crates/custody)
    Checking shieldd-sdk-view v2.1.0 (/Users/antoinecyr/Documents/Source/shieldd/crates/view)
    Checking shieldd-sdk-app-tests v2.1.0 (/Users/antoinecyr/Documents/Source/shieldd/crates/core/app-tests)
    Checking shieldd v2.1.0 (/Users/antoinecyr/Documents/Source/shieldd/crates/bin/shieldd)
    Checking shieldd-sdk-mock-client v2.1.0 (/Users/antoinecyr/Documents/Source/shieldd/crates/test/mock-client)
    Checking shieldd-sdk-bench-support v2.1.0 (/Users/antoinecyr/Documents/Source/shieldd/crates/bench-support)
    Checking shieldd-sdk-bench v2.1.0 (/Users/antoinecyr/Documents/Source/shieldd/crates/bench)
    Checking pcli v2.1.0 (/Users/antoinecyr/Documents/Source/shieldd/crates/bin/pcli)
    Checking bankd-e2e-host-withdrawal-builder v2.1.0 (/Users/antoinecyr/Documents/Source/shieldd/crates/bin/bankd-e2e-host-withdrawal-builder)
    Checking bankd-e2e-spend-builder v2.1.0 (/Users/antoinecyr/Documents/Source/shieldd/crates/bin/bankd-e2e-spend-builder)
    Checking shieldd-sdk-keys v2.1.0 (/Users/antoinecyr/Documents/Source/shieldd/crates/core/keys)
    Finished `ci` profile [optimized] target(s) in 16.49s
warning: the following packages contain code that will be rejected by a future version of Rust: document-features v0.2.8
note: to see what the problems were, use the option `--future-incompat-report`, or run `cargo report future-incompatibilities --id 1`
